<html>
<body>
<pre>
<h1>µVision Build Log</h1>
<h2>Tool Versions:</h2>
IDE-Version: µVision V5.24.2.0
Copyright (C) 2017 ARM Ltd and ARM Germany GmbH. All rights reserved.
License Information: Thomas Finch, Finch incorporated, LIC=----
 
Tool Versions:
Toolchain:       MDK-Lite  Version: 5.24.1
Toolchain Path:  C:\Keil_v5\ARM\ARMCC\Bin
C Compiler:      Armcc.exe V5.06 update 5 (build 528)
Assembler:       Armasm.exe V5.06 update 5 (build 528)
Linker/Locator:  ArmLink.exe V5.06 update 5 (build 528)
Library Manager: ArmAr.exe V5.06 update 5 (build 528)
Hex Converter:   FromElf.exe V5.06 update 5 (build 528)
CPU DLL:         SARMCM3.DLL V5.24.1
Dialog DLL:      DCM.DLL V1.16.0.0
Target DLL:      STLink\ST-LINKIII-KEIL_SWO.dll V3.0.1.0
Dialog DLL:      TCM.DLL V1.32.0.0
 
<h2>Project:</h2>
C:\Users\Tom\OneDrive - Loughborough University\Year 3\Real Time Software Engineering\TASK_3_rev_3_FINAL\TASK3_rev_3.0\WM.uvprojx
Project File Date:  04/24/2018

<h2>Output:</h2>
*** Using Compiler 'V5.06 update 5 (build 528)', folder: 'C:\Keil_v5\ARM\ARMCC\Bin'
*** Warning: Using Microlib and C++ file(s) might cause the linker to fail !
  
Rebuild target 'WM'
compiling stm32f3xx_hal_cortex.c...
compiling stm32f3xx_hal_dma.c...
compiling stm32f3xx_hal.c...
compiling stm32f3xx_hal_gpio.c...
compiling stm32f3xx_hal_rcc.c...
compiling stm32f3xx_hal_spi.c...
compiling main.cpp...
compiling board.cpp...
compiling motor.cpp...
compiling seven_segment_display.cpp...
compiling button.cpp...
Src\button.cpp(19): warning:  #940-D: missing return statement at end of non-void function "Button::getButtonStatus" 
  }
Src\button.cpp: 1 warning, 0 errors
compiling stm32f3xx_hal_i2c.c...
compiling door_button.cpp...
Src\door_button.cpp(25): warning:  #940-D: missing return statement at end of non-void function "DoorButton::getButtonStatus" 
  }
Src\door_button.cpp: 1 warning, 0 errors
compiling button_latch.cpp...
compiling buzzer.cpp...
compiling washing_machine.cpp...
compiling timer.cpp...
compiling program.cpp...
compiling stage.cpp...
compiling program_manager.cpp...
compiling stage_data.cpp...
compiling system_operator.cpp...
compiling program_data.cpp...
compiling system_stm32f3xx.c...
compiling stm32f3xx_it.c...
assembling startup_stm32f303xc.s...
compiling stm32f3_discovery.c...
compiling board_startup.c...
linking...
Program Size: Code=6106 RO-data=614 RW-data=28 ZI-data=1028  
FromELF: creating hex file...
".\WM\WM.axf" - 0 Error(s), 2 Warning(s).

<h2>Software Packages used:</h2>

Package Vendor: ARM
                http://www.keil.com/pack/ARM.CMSIS.5.2.0.pack
                ARM.CMSIS.5.2.0
                CMSIS (Cortex Microcontroller Software Interface Standard)
   * Component: CORE Version: 5.0.2

Package Vendor: Keil
                http://www.keil.com/pack/Keil.STM32F3xx_DFP.2.1.0.pack
                Keil.STM32F3xx_DFP.2.1.0
                STMicroelectronics STM32F3 Series Device Support and Examples

<h2>Collection of Component include folders:</h2>
  .\RTE\_WM
  C:\Keil_v5\ARM\PACK\ARM\CMSIS\5.2.0\CMSIS\Include
  C:\Keil_v5\ARM\PACK\Keil\STM32F3xx_DFP\2.1.0\Drivers\CMSIS\Device\ST\STM32F3xx\Include

<h2>Collection of Component Files used:</h2>

   * Component: ARM::CMSIS:CORE:5.0.2
Build Time Elapsed:  00:00:09
</pre>
</body>
</html>
