Component: ARM Compiler 5.06 update 5 (build 528) Tool: armlink [4d35e2]

==============================================================================

Section Cross References

    stm32f3xx_hal.o(i.HAL_DeInit) refers to stm32f3xx_hal.o(i.HAL_MspDeInit) for HAL_MspDeInit
    stm32f3xx_hal.o(i.HAL_Delay) refers to stm32f3xx_hal.o(i.HAL_GetTick) for HAL_GetTick
    stm32f3xx_hal.o(i.HAL_GetTick) refers to stm32f3xx_hal.o(.data) for .data
    stm32f3xx_hal.o(i.HAL_IncTick) refers to stm32f3xx_hal.o(.data) for .data
    stm32f3xx_hal.o(i.HAL_Init) refers to stm32f3xx_hal_cortex.o(i.HAL_NVIC_SetPriorityGrouping) for HAL_NVIC_SetPriorityGrouping
    stm32f3xx_hal.o(i.HAL_Init) refers to stm32f3xx_hal.o(i.HAL_InitTick) for HAL_InitTick
    stm32f3xx_hal.o(i.HAL_Init) refers to stm32f3xx_hal.o(i.HAL_MspInit) for HAL_MspInit
    stm32f3xx_hal.o(i.HAL_InitTick) refers to stm32f3xx_hal_rcc.o(i.HAL_RCC_GetHCLKFreq) for HAL_RCC_GetHCLKFreq
    stm32f3xx_hal.o(i.HAL_InitTick) refers to stm32f3xx_hal_cortex.o(i.HAL_SYSTICK_Config) for HAL_SYSTICK_Config
    stm32f3xx_hal.o(i.HAL_InitTick) refers to stm32f3xx_hal_cortex.o(i.HAL_NVIC_SetPriority) for HAL_NVIC_SetPriority
    stm32f3xx_hal_cortex.o(i.HAL_NVIC_SetPriority) refers to stm32f3xx_hal_cortex.o(i.NVIC_SetPriority) for NVIC_SetPriority
    stm32f3xx_hal_cortex.o(i.HAL_SYSTICK_Config) refers to stm32f3xx_hal_cortex.o(i.NVIC_SetPriority) for NVIC_SetPriority
    stm32f3xx_hal_cortex.o(i.HAL_SYSTICK_IRQHandler) refers to stm32f3xx_hal_cortex.o(i.HAL_SYSTICK_Callback) for HAL_SYSTICK_Callback
    stm32f3xx_hal_dma.o(i.HAL_DMA_Abort) refers to stm32f3xx_hal.o(i.HAL_GetTick) for HAL_GetTick
    stm32f3xx_hal_dma.o(i.HAL_DMA_PollForTransfer) refers to stm32f3xx_hal.o(i.HAL_GetTick) for HAL_GetTick
    stm32f3xx_hal_dma.o(i.HAL_DMA_Start) refers to stm32f3xx_hal_dma.o(i.DMA_SetConfig) for DMA_SetConfig
    stm32f3xx_hal_dma.o(i.HAL_DMA_Start_IT) refers to stm32f3xx_hal_dma.o(i.DMA_SetConfig) for DMA_SetConfig
    stm32f3xx_hal_gpio.o(i.HAL_GPIO_EXTI_IRQHandler) refers to stm32f3xx_hal_gpio.o(i.HAL_GPIO_EXTI_Callback) for HAL_GPIO_EXTI_Callback
    stm32f3xx_hal_rcc.o(i.HAL_RCC_ClockConfig) refers to stm32f3xx_hal.o(i.HAL_GetTick) for HAL_GetTick
    stm32f3xx_hal_rcc.o(i.HAL_RCC_ClockConfig) refers to stm32f3xx_hal.o(i.HAL_InitTick) for HAL_InitTick
    stm32f3xx_hal_rcc.o(i.HAL_RCC_GetHCLKFreq) refers to stm32f3xx_hal_rcc.o(i.HAL_RCC_GetSysClockFreq) for HAL_RCC_GetSysClockFreq
    stm32f3xx_hal_rcc.o(i.HAL_RCC_GetHCLKFreq) refers to stm32f3xx_hal_rcc.o(.constdata) for .constdata
    stm32f3xx_hal_rcc.o(i.HAL_RCC_GetHCLKFreq) refers to system_stm32f3xx.o(.data) for SystemCoreClock
    stm32f3xx_hal_rcc.o(i.HAL_RCC_GetPCLK1Freq) refers to stm32f3xx_hal_rcc.o(i.HAL_RCC_GetHCLKFreq) for HAL_RCC_GetHCLKFreq
    stm32f3xx_hal_rcc.o(i.HAL_RCC_GetPCLK1Freq) refers to stm32f3xx_hal_rcc.o(.constdata) for .constdata
    stm32f3xx_hal_rcc.o(i.HAL_RCC_GetPCLK2Freq) refers to stm32f3xx_hal_rcc.o(i.HAL_RCC_GetHCLKFreq) for HAL_RCC_GetHCLKFreq
    stm32f3xx_hal_rcc.o(i.HAL_RCC_GetPCLK2Freq) refers to stm32f3xx_hal_rcc.o(.constdata) for .constdata
    stm32f3xx_hal_rcc.o(i.HAL_RCC_GetSysClockFreq) refers to stm32f3xx_hal_rcc.o(.constdata) for .constdata
    stm32f3xx_hal_rcc.o(i.HAL_RCC_MCOConfig) refers to stm32f3xx_hal_gpio.o(i.HAL_GPIO_Init) for HAL_GPIO_Init
    stm32f3xx_hal_rcc.o(i.HAL_RCC_NMI_IRQHandler) refers to stm32f3xx_hal_rcc.o(i.HAL_RCC_CCSCallback) for HAL_RCC_CCSCallback
    stm32f3xx_hal_rcc.o(i.HAL_RCC_OscConfig) refers to stm32f3xx_hal.o(i.HAL_GetTick) for HAL_GetTick
    stm32f3xx_hal_spi.o(i.HAL_SPI_DMAError) refers to stm32f3xx_hal_spi.o(i.HAL_SPI_ErrorCallback) for HAL_SPI_ErrorCallback
    stm32f3xx_hal_spi.o(i.HAL_SPI_DMAReceiveCplt) refers to stm32f3xx_hal_spi.o(i.SPI_WaitFlagStateUntilTimeout) for SPI_WaitFlagStateUntilTimeout
    stm32f3xx_hal_spi.o(i.HAL_SPI_DMAReceiveCplt) refers to stm32f3xx_hal_spi.o(i.SPI_EndRxTransaction) for SPI_EndRxTransaction
    stm32f3xx_hal_spi.o(i.HAL_SPI_DMAReceiveCplt) refers to stm32f3xx_hal_spi.o(i.HAL_SPI_ErrorCallback) for HAL_SPI_ErrorCallback
    stm32f3xx_hal_spi.o(i.HAL_SPI_DMAReceiveCplt) refers to stm32f3xx_hal_spi.o(i.HAL_SPI_RxCpltCallback) for HAL_SPI_RxCpltCallback
    stm32f3xx_hal_spi.o(i.HAL_SPI_DMATransmitCplt) refers to stm32f3xx_hal_spi.o(i.SPI_EndRxTxTransaction) for SPI_EndRxTxTransaction
    stm32f3xx_hal_spi.o(i.HAL_SPI_DMATransmitCplt) refers to stm32f3xx_hal_spi.o(i.HAL_SPI_ErrorCallback) for HAL_SPI_ErrorCallback
    stm32f3xx_hal_spi.o(i.HAL_SPI_DMATransmitCplt) refers to stm32f3xx_hal_spi.o(i.HAL_SPI_TxCpltCallback) for HAL_SPI_TxCpltCallback
    stm32f3xx_hal_spi.o(i.HAL_SPI_DMATransmitReceiveCplt) refers to stm32f3xx_hal_spi.o(i.SPI_WaitFifoStateUntilTimeout) for SPI_WaitFifoStateUntilTimeout
    stm32f3xx_hal_spi.o(i.HAL_SPI_DMATransmitReceiveCplt) refers to stm32f3xx_hal_spi.o(i.SPI_EndRxTxTransaction) for SPI_EndRxTxTransaction
[...]
    door_button.o(.constdata__ZTI10DoorButton) refers to lib_rtti_impl.o(.constdata__ZTVN10__cxxabiv120__si_class_type_infoE) for vtable for __cxxabiv1::__si_class_type_info
    door_button.o(.constdata__ZTI10DoorButton) refers to door_button.o(.constdata__ZTS10DoorButton) for typeinfo name for DoorButton
    door_button.o(.constdata__ZTI10DoorButton) refers to button.o(.constdata__ZTI6Button) for typeinfo for Button
    lib_rtti_impl.o(.constdata__ZTVN10__cxxabiv123__fundamental_type_infoE) refers to lib_rtti_impl.o(.constdata__ZTIN10__cxxabiv123__fundamental_type_infoE) for typeinfo for __cxxabiv1::__fundamental_type_info
    lib_rtti_impl.o(.constdata__ZTVN10__cxxabiv123__fundamental_type_infoE) refers to lib_rtti_impl.o(i._ZN10__cxxabiv123__fundamental_type_infoD1Ev) for __cxxabiv1::__fundamental_type_info::~__fundamental_type_info()
    lib_rtti_impl.o(.constdata__ZTVN10__cxxabiv123__fundamental_type_infoE) refers to lib_rtti_impl.o(i._ZN10__cxxabiv123__fundamental_type_infoD0Ev) for __cxxabiv1::__fundamental_type_info::~__fundamental_type_info__deallocating()
    lib_rtti_impl.o(.constdata__ZTVN10__cxxabiv117__array_type_infoE) refers to lib_rtti_impl.o(.constdata__ZTIN10__cxxabiv117__array_type_infoE) for typeinfo for __cxxabiv1::__array_type_info
    lib_rtti_impl.o(.constdata__ZTVN10__cxxabiv117__array_type_infoE) refers to lib_rtti_impl.o(i._ZN10__cxxabiv117__array_type_infoD1Ev) for __cxxabiv1::__array_type_info::~__array_type_info()
    lib_rtti_impl.o(.constdata__ZTVN10__cxxabiv117__array_type_infoE) refers to lib_rtti_impl.o(i._ZN10__cxxabiv117__array_type_infoD0Ev) for __cxxabiv1::__array_type_info::~__array_type_info__deallocating()
    lib_rtti_impl.o(.constdata__ZTVN10__cxxabiv120__function_type_infoE) refers to lib_rtti_impl.o(.constdata__ZTIN10__cxxabiv120__function_type_infoE) for typeinfo for __cxxabiv1::__function_type_info
    lib_rtti_impl.o(.constdata__ZTVN10__cxxabiv120__function_type_infoE) refers to lib_rtti_impl.o(i._ZN10__cxxabiv120__function_type_infoD1Ev) for __cxxabiv1::__function_type_info::~__function_type_info()
    lib_rtti_impl.o(.constdata__ZTVN10__cxxabiv120__function_type_infoE) refers to lib_rtti_impl.o(i._ZN10__cxxabiv120__function_type_infoD0Ev) for __cxxabiv1::__function_type_info::~__function_type_info__deallocating()
    lib_rtti_impl.o(.constdata__ZTVN10__cxxabiv116__enum_type_infoE) refers to lib_rtti_impl.o(.constdata__ZTIN10__cxxabiv116__enum_type_infoE) for typeinfo for __cxxabiv1::__enum_type_info
    lib_rtti_impl.o(.constdata__ZTVN10__cxxabiv116__enum_type_infoE) refers to lib_rtti_impl.o(i._ZN10__cxxabiv116__enum_type_infoD1Ev) for __cxxabiv1::__enum_type_info::~__enum_type_info()
    lib_rtti_impl.o(.constdata__ZTVN10__cxxabiv116__enum_type_infoE) refers to lib_rtti_impl.o(i._ZN10__cxxabiv116__enum_type_infoD0Ev) for __cxxabiv1::__enum_type_info::~__enum_type_info__deallocating()
    lib_rtti_impl.o(.constdata__ZTVN10__cxxabiv117__class_type_infoE) refers to lib_rtti_impl.o(.constdata__ZTIN10__cxxabiv117__class_type_infoE) for typeinfo for __cxxabiv1::__class_type_info
    lib_rtti_impl.o(.constdata__ZTVN10__cxxabiv117__class_type_infoE) refers to lib_rtti_impl.o(i._ZN10__cxxabiv117__class_type_infoD1Ev) for __cxxabiv1::__class_type_info::~__class_type_info()
    lib_rtti_impl.o(.constdata__ZTVN10__cxxabiv117__class_type_infoE) refers to lib_rtti_impl.o(i._ZN10__cxxabiv117__class_type_infoD0Ev) for __cxxabiv1::__class_type_info::~__class_type_info__deallocating()
    lib_rtti_impl.o(.constdata__ZTVN10__cxxabiv120__si_class_type_infoE) refers to lib_rtti_impl.o(.constdata__ZTIN10__cxxabiv120__si_class_type_infoE) for typeinfo for __cxxabiv1::__si_class_type_info
    lib_rtti_impl.o(.constdata__ZTVN10__cxxabiv120__si_class_type_infoE) refers to lib_rtti_impl.o(i._ZN10__cxxabiv120__si_class_type_infoD1Ev) for __cxxabiv1::__si_class_type_info::~__si_class_type_info()
    lib_rtti_impl.o(.constdata__ZTVN10__cxxabiv120__si_class_type_infoE) refers to lib_rtti_impl.o(i._ZN10__cxxabiv120__si_class_type_infoD0Ev) for __cxxabiv1::__si_class_type_info::~__si_class_type_info__deallocating()
    lib_rtti_impl.o(.constdata__ZTVN10__cxxabiv121__vmi_class_type_infoE) refers to lib_rtti_impl.o(.constdata__ZTIN10__cxxabiv121__vmi_class_type_infoE) for typeinfo for __cxxabiv1::__vmi_class_type_info
    lib_rtti_impl.o(.constdata__ZTVN10__cxxabiv121__vmi_class_type_infoE) refers to lib_rtti_impl.o(i._ZN10__cxxabiv121__vmi_class_type_infoD1Ev) for __cxxabiv1::__vmi_class_type_info::~__vmi_class_type_info()
    lib_rtti_impl.o(.constdata__ZTVN10__cxxabiv121__vmi_class_type_infoE) refers to lib_rtti_impl.o(i._ZN10__cxxabiv121__vmi_class_type_infoD0Ev) for __cxxabiv1::__vmi_class_type_info::~__vmi_class_type_info__deallocating()
    lib_rtti_impl.o(.constdata__ZTVN10__cxxabiv117__pbase_type_infoE) refers to lib_rtti_impl.o(.constdata__ZTIN10__cxxabiv117__pbase_type_infoE) for typeinfo for __cxxabiv1::__pbase_type_info
    lib_rtti_impl.o(.constdata__ZTVN10__cxxabiv117__pbase_type_infoE) refers to lib_rtti_impl.o(i._ZN10__cxxabiv117__pbase_type_infoD1Ev) for __cxxabiv1::__pbase_type_info::~__pbase_type_info()
    lib_rtti_impl.o(.constdata__ZTVN10__cxxabiv117__pbase_type_infoE) refers to lib_rtti_impl.o(i._ZN10__cxxabiv117__pbase_type_infoD0Ev) for __cxxabiv1::__pbase_type_info::~__pbase_type_info__deallocating()
    lib_rtti_impl.o(.constdata__ZTVN10__cxxabiv119__pointer_type_infoE) refers to lib_rtti_impl.o(.constdata__ZTIN10__cxxabiv119__pointer_type_infoE) for typeinfo for __cxxabiv1::__pointer_type_info
    lib_rtti_impl.o(.constdata__ZTVN10__cxxabiv119__pointer_type_infoE) refers to lib_rtti_impl.o(i._ZN10__cxxabiv119__pointer_type_infoD1Ev) for __cxxabiv1::__pointer_type_info::~__pointer_type_info()
    lib_rtti_impl.o(.constdata__ZTVN10__cxxabiv119__pointer_type_infoE) refers to lib_rtti_impl.o(i._ZN10__cxxabiv119__pointer_type_infoD0Ev) for __cxxabiv1::__pointer_type_info::~__pointer_type_info__deallocating()
    lib_rtti_impl.o(.constdata__ZTVN10__cxxabiv129__pointer_to_member_type_infoE) refers to lib_rtti_impl.o(.constdata__ZTIN10__cxxabiv129__pointer_to_member_type_infoE) for typeinfo for __cxxabiv1::__pointer_to_member_type_info
    lib_rtti_impl.o(.constdata__ZTVN10__cxxabiv129__pointer_to_member_type_infoE) refers to lib_rtti_impl.o(i._ZN10__cxxabiv129__pointer_to_member_type_infoD1Ev) for __cxxabiv1::__pointer_to_member_type_info::~__pointer_to_member_type_info()
    lib_rtti_impl.o(.constdata__ZTVN10__cxxabiv129__pointer_to_member_type_infoE) refers to lib_rtti_impl.o(i._ZN10__cxxabiv129__pointer_to_member_type_infoD0Ev) for __cxxabiv1::__pointer_to_member_type_info::~__pointer_to_member_type_info__deallocating()
    lib_rtti_impl.o(.ARM.exidx) refers to lib_rtti_impl.o(i._ZNSt9type_infodlEPv) for i._ZNSt9type_infodlEPv
    lib_rtti_impl.o(.constdata__ZTIN10__cxxabiv123__fundamental_type_infoE) refers to lib_rtti_impl.o(.constdata__ZTVN10__cxxabiv120__si_class_type_infoE) for vtable for __cxxabiv1::__si_class_type_info
    lib_rtti_impl.o(.constdata__ZTIN10__cxxabiv123__fundamental_type_infoE) refers to lib_rtti_impl.o(.constdata__ZTSN10__cxxabiv123__fundamental_type_infoE) for typeinfo name for __cxxabiv1::__fundamental_type_info
    lib_rtti_impl.o(.constdata__ZTIN10__cxxabiv123__fundamental_type_infoE) refers to type_info_dtor.o(.constdata__ZTISt9type_info) for typeinfo for std::type_info
    lib_rtti_impl.o(.constdata__ZTIN10__cxxabiv117__array_type_infoE) refers to lib_rtti_impl.o(.constdata__ZTVN10__cxxabiv120__si_class_type_infoE) for vtable for __cxxabiv1::__si_class_type_info
    lib_rtti_impl.o(.constdata__ZTIN10__cxxabiv117__array_type_infoE) refers to lib_rtti_impl.o(.constdata__ZTSN10__cxxabiv117__array_type_infoE) for typeinfo name for __cxxabiv1::__array_type_info
    lib_rtti_impl.o(.constdata__ZTIN10__cxxabiv117__array_type_infoE) refers to type_info_dtor.o(.constdata__ZTISt9type_info) for typeinfo for std::type_info
    lib_rtti_impl.o(.constdata__ZTIN10__cxxabiv120__function_type_infoE) refers to lib_rtti_impl.o(.constdata__ZTVN10__cxxabiv120__si_class_type_infoE) for vtable for __cxxabiv1::__si_class_type_info
    lib_rtti_impl.o(.constdata__ZTIN10__cxxabiv120__function_type_infoE) refers to lib_rtti_impl.o(.constdata__ZTSN10__cxxabiv120__function_type_infoE) for typeinfo name for __cxxabiv1::__function_type_info
    lib_rtti_impl.o(.constdata__ZTIN10__cxxabiv120__function_type_infoE) refers to type_info_dtor.o(.constdata__ZTISt9type_info) for typeinfo for std::type_info
    lib_rtti_impl.o(.constdata__ZTIN10__cxxabiv116__enum_type_infoE) refers to lib_rtti_impl.o(.constdata__ZTVN10__cxxabiv120__si_class_type_infoE) for vtable for __cxxabiv1::__si_class_type_info
    lib_rtti_impl.o(.constdata__ZTIN10__cxxabiv116__enum_type_infoE) refers to lib_rtti_impl.o(.constdata__ZTSN10__cxxabiv116__enum_type_infoE) for typeinfo name for __cxxabiv1::__enum_type_info
    lib_rtti_impl.o(.constdata__ZTIN10__cxxabiv116__enum_type_infoE) refers to type_info_dtor.o(.constdata__ZTISt9type_info) for typeinfo for std::type_info
    lib_rtti_impl.o(.constdata__ZTIN10__cxxabiv117__class_type_infoE) refers to lib_rtti_impl.o(.constdata__ZTVN10__cxxabiv120__si_class_type_infoE) for vtable for __cxxabiv1::__si_class_type_info
    lib_rtti_impl.o(.constdata__ZTIN10__cxxabiv117__class_type_infoE) refers to lib_rtti_impl.o(.constdata__ZTSN10__cxxabiv117__class_type_infoE) for typeinfo name for __cxxabiv1::__class_type_info
    lib_rtti_impl.o(.constdata__ZTIN10__cxxabiv117__class_type_infoE) refers to type_info_dtor.o(.constdata__ZTISt9type_info) for typeinfo for std::type_info
    lib_rtti_impl.o(.constdata__ZTIN10__cxxabiv120__si_class_type_infoE) refers to lib_rtti_impl.o(.constdata__ZTVN10__cxxabiv120__si_class_type_infoE) for vtable for __cxxabiv1::__si_class_type_info
    lib_rtti_impl.o(.constdata__ZTIN10__cxxabiv120__si_class_type_infoE) refers to lib_rtti_impl.o(.constdata__ZTSN10__cxxabiv120__si_class_type_infoE) for typeinfo name for __cxxabiv1::__si_class_type_info
    lib_rtti_impl.o(.constdata__ZTIN10__cxxabiv120__si_class_type_infoE) refers to lib_rtti_impl.o(.constdata__ZTIN10__cxxabiv117__class_type_infoE) for typeinfo for __cxxabiv1::__class_type_info
    lib_rtti_impl.o(.constdata__ZTIN10__cxxabiv121__vmi_class_type_infoE) refers to lib_rtti_impl.o(.constdata__ZTVN10__cxxabiv120__si_class_type_infoE) for vtable for __cxxabiv1::__si_class_type_info
    lib_rtti_impl.o(.constdata__ZTIN10__cxxabiv121__vmi_class_type_infoE) refers to lib_rtti_impl.o(.constdata__ZTSN10__cxxabiv121__vmi_class_type_infoE) for typeinfo name for __cxxabiv1::__vmi_class_type_info
    lib_rtti_impl.o(.constdata__ZTIN10__cxxabiv121__vmi_class_type_infoE) refers to lib_rtti_impl.o(.constdata__ZTIN10__cxxabiv117__class_type_infoE) for typeinfo for __cxxabiv1::__class_type_info
    lib_rtti_impl.o(.constdata__ZTIN10__cxxabiv117__pbase_type_infoE) refers to lib_rtti_impl.o(.constdata__ZTVN10__cxxabiv120__si_class_type_infoE) for vtable for __cxxabiv1::__si_class_type_info
    lib_rtti_impl.o(.constdata__ZTIN10__cxxabiv117__pbase_type_infoE) refers to lib_rtti_impl.o(.constdata__ZTSN10__cxxabiv117__pbase_type_infoE) for typeinfo name for __cxxabiv1::__pbase_type_info
    lib_rtti_impl.o(.constdata__ZTIN10__cxxabiv117__pbase_type_infoE) refers to type_info_dtor.o(.constdata__ZTISt9type_info) for typeinfo for std::type_info
    lib_rtti_impl.o(.constdata__ZTIN10__cxxabiv119__pointer_type_infoE) refers to lib_rtti_impl.o(.constdata__ZTVN10__cxxabiv120__si_class_type_infoE) for vtable for __cxxabiv1::__si_class_type_info
    lib_rtti_impl.o(.constdata__ZTIN10__cxxabiv119__pointer_type_infoE) refers to lib_rtti_impl.o(.constdata__ZTSN10__cxxabiv119__pointer_type_infoE) for typeinfo name for __cxxabiv1::__pointer_type_info
    lib_rtti_impl.o(.constdata__ZTIN10__cxxabiv119__pointer_type_infoE) refers to lib_rtti_impl.o(.constdata__ZTIN10__cxxabiv117__pbase_type_infoE) for typeinfo for __cxxabiv1::__pbase_type_info
    lib_rtti_impl.o(.constdata__ZTIN10__cxxabiv129__pointer_to_member_type_infoE) refers to lib_rtti_impl.o(.constdata__ZTVN10__cxxabiv120__si_class_type_infoE) for vtable for __cxxabiv1::__si_class_type_info
    lib_rtti_impl.o(.constdata__ZTIN10__cxxabiv129__pointer_to_member_type_infoE) refers to lib_rtti_impl.o(.constdata__ZTSN10__cxxabiv129__pointer_to_member_type_infoE) for typeinfo name for __cxxabiv1::__pointer_to_member_type_info
    lib_rtti_impl.o(.constdata__ZTIN10__cxxabiv129__pointer_to_member_type_infoE) refers to lib_rtti_impl.o(.constdata__ZTIN10__cxxabiv117__pbase_type_infoE) for typeinfo for __cxxabiv1::__pbase_type_info
    lib_rtti_impl.o(i.__ARM_common_noexcept_landing) refers to arm_exceptions_callterm.o(.text) for __cxa_call_terminate
    lib_rtti_impl.o(.ARM.exidx) refers to lib_rtti_impl.o(i.__ARM_common_noexcept_landing) for i.__ARM_common_noexcept_landing
    type_info_dtor.o(.constdata__ZTVSt9type_info) refers to type_info_dtor.o(.constdata__ZTISt9type_info) for typeinfo for std::type_info
    type_info_dtor.o(.constdata__ZTVSt9type_info) refers to type_info_dtor.o(i._ZNSt9type_infoD1Ev) for std::type_info::~type_info()
    type_info_dtor.o(.constdata__ZTVSt9type_info) refers to type_info_dtor.o(i._ZNSt9type_infoD0Ev) for std::type_info::~type_info__deallocating()
    type_info_dtor.o(.constdata__ZTISt9type_info) refers to lib_rtti_impl.o(.constdata__ZTVN10__cxxabiv117__class_type_infoE) for vtable for __cxxabiv1::__class_type_info
    type_info_dtor.o(.constdata__ZTISt9type_info) refers to type_info_dtor.o(.constdata__ZTSSt9type_info) for typeinfo name for std::type_info


==============================================================================

Removing Unused input sections from the image.

    Removing stm32f3xx_hal.o(.rev16_text), (4 bytes).
    Removing stm32f3xx_hal.o(.revsh_text), (4 bytes).
    Removing stm32f3xx_hal.o(i.HAL_DeInit), (36 bytes).
    Removing stm32f3xx_hal.o(i.HAL_DisableDBGSleepMode), (16 bytes).
    Removing stm32f3xx_hal.o(i.HAL_DisableDBGStandbyMode), (16 bytes).
    Removing stm32f3xx_hal.o(i.HAL_DisableDBGStopMode), (16 bytes).
    Removing stm32f3xx_hal.o(i.HAL_EnableDBGSleepMode), (16 bytes).
    Removing stm32f3xx_hal.o(i.HAL_EnableDBGStandbyMode), (16 bytes).
    Removing stm32f3xx_hal.o(i.HAL_EnableDBGStopMode), (16 bytes).
    Removing stm32f3xx_hal.o(i.HAL_GetDEVID), (16 bytes).
    Removing stm32f3xx_hal.o(i.HAL_GetHalVersion), (6 bytes).
    Removing stm32f3xx_hal.o(i.HAL_GetREVID), (12 bytes).
    Removing stm32f3xx_hal.o(i.HAL_MspDeInit), (2 bytes).
    Removing stm32f3xx_hal.o(i.HAL_ResumeTick), (14 bytes).
    Removing stm32f3xx_hal.o(i.HAL_SuspendTick), (14 bytes).
    Removing stm32f3xx_hal_cortex.o(.rev16_text), (4 bytes).
    Removing stm32f3xx_hal_cortex.o(.revsh_text), (4 bytes).
    Removing stm32f3xx_hal_cortex.o(i.HAL_NVIC_ClearPendingIRQ), (22 bytes).
    Removing stm32f3xx_hal_cortex.o(i.HAL_NVIC_DisableIRQ), (22 bytes).
    Removing stm32f3xx_hal_cortex.o(i.HAL_NVIC_EnableIRQ), (22 bytes).
    Removing stm32f3xx_hal_cortex.o(i.HAL_NVIC_GetActive), (32 bytes).
    Removing stm32f3xx_hal_cortex.o(i.HAL_NVIC_GetPendingIRQ), (32 bytes).
    Removing stm32f3xx_hal_cortex.o(i.HAL_NVIC_GetPriority), (82 bytes).
    Removing stm32f3xx_hal_cortex.o(i.HAL_NVIC_GetPriorityGrouping), (16 bytes).
    Removing stm32f3xx_hal_cortex.o(i.HAL_NVIC_SetPendingIRQ), (22 bytes).
    Removing stm32f3xx_hal_cortex.o(i.HAL_NVIC_SystemReset), (32 bytes).
    Removing stm32f3xx_hal_cortex.o(i.HAL_SYSTICK_CLKSourceConfig), (24 bytes).
    Removing stm32f3xx_hal_cortex.o(i.HAL_SYSTICK_Callback), (2 bytes).
    Removing stm32f3xx_hal_cortex.o(i.HAL_SYSTICK_IRQHandler), (8 bytes).
    Removing stm32f3xx_hal_dma.o(.rev16_text), (4 bytes).
    Removing stm32f3xx_hal_dma.o(.revsh_text), (4 bytes).
    Removing stm32f3xx_hal_dma.o(i.DMA_SetConfig), (30 bytes).
    Removing stm32f3xx_hal_dma.o(i.HAL_DMA_Abort), (86 bytes).
    Removing stm32f3xx_hal_dma.o(i.HAL_DMA_DeInit), (680 bytes).
    Removing stm32f3xx_hal_dma.o(i.HAL_DMA_GetError), (4 bytes).
    Removing stm32f3xx_hal_dma.o(i.HAL_DMA_GetState), (6 bytes).
    Removing stm32f3xx_hal_dma.o(i.HAL_DMA_IRQHandler), (1208 bytes).
    Removing stm32f3xx_hal_dma.o(i.HAL_DMA_Init), (68 bytes).
    Removing stm32f3xx_hal_dma.o(i.HAL_DMA_PollForTransfer), (1140 bytes).
    Removing stm32f3xx_hal_dma.o(i.HAL_DMA_Start), (58 bytes).
    Removing stm32f3xx_hal_dma.o(i.HAL_DMA_Start_IT), (88 bytes).
    Removing stm32f3xx_hal_gpio.o(.rev16_text), (4 bytes).
    Removing stm32f3xx_hal_gpio.o(.revsh_text), (4 bytes).
    Removing stm32f3xx_hal_gpio.o(i.HAL_GPIO_DeInit), (160 bytes).
    Removing stm32f3xx_hal_gpio.o(i.HAL_GPIO_Init), (388 bytes).
    Removing stm32f3xx_hal_gpio.o(i.HAL_GPIO_LockPin), (34 bytes).
    Removing stm32f3xx_hal_gpio.o(i.HAL_GPIO_ReadPin), (10 bytes).
    Removing stm32f3xx_hal_gpio.o(i.HAL_GPIO_TogglePin), (8 bytes).
    Removing stm32f3xx_hal_gpio.o(i.HAL_GPIO_WritePin), (10 bytes).
    Removing stm32f3xx_hal_rcc.o(.rev16_text), (4 bytes).
    Removing stm32f3xx_hal_rcc.o(.revsh_text), (4 bytes).
    Removing stm32f3xx_hal_rcc.o(i.HAL_RCC_CCSCallback), (2 bytes).
    Removing stm32f3xx_hal_rcc.o(i.HAL_RCC_DeInit), (60 bytes).
    Removing stm32f3xx_hal_rcc.o(i.HAL_RCC_DisableCSS), (12 bytes).
    Removing stm32f3xx_hal_rcc.o(i.HAL_RCC_EnableCSS), (12 bytes).
    Removing stm32f3xx_hal_rcc.o(i.HAL_RCC_GetClockConfig), (64 bytes).
    Removing stm32f3xx_hal_rcc.o(i.HAL_RCC_GetOscConfig), (140 bytes).
    Removing stm32f3xx_hal_rcc.o(i.HAL_RCC_GetPCLK1Freq), (44 bytes).
    Removing stm32f3xx_hal_rcc.o(i.HAL_RCC_GetPCLK2Freq), (44 bytes).
    Removing stm32f3xx_hal_rcc.o(i.HAL_RCC_MCOConfig), (64 bytes).
    Removing stm32f3xx_hal_rcc.o(i.HAL_RCC_NMI_IRQHandler), (24 bytes).
    Removing stm32f3xx_hal_spi.o(.rev16_text), (4 bytes).
    Removing stm32f3xx_hal_spi.o(.revsh_text), (4 bytes).
    Removing stm32f3xx_hal_spi.o(i.HAL_SPI_DMAError), (36 bytes).
    Removing stm32f3xx_hal_spi.o(i.HAL_SPI_DMAReceiveCplt), (190 bytes).
    Removing stm32f3xx_hal_spi.o(i.HAL_SPI_DMATransmitCplt), (94 bytes).
    Removing stm32f3xx_hal_spi.o(i.HAL_SPI_DMATransmitReceiveCplt), (184 bytes).
    Removing stm32f3xx_hal_spi.o(i.HAL_SPI_DeInit), (48 bytes).
    Removing stm32f3xx_hal_spi.o(i.HAL_SPI_ErrorCallback), (2 bytes).
    Removing stm32f3xx_hal_spi.o(i.HAL_SPI_GetState), (6 bytes).
    Removing stm32f3xx_hal_spi.o(i.HAL_SPI_IRQHandler), (164 bytes).
    Removing stm32f3xx_hal_spi.o(i.HAL_SPI_Init), (180 bytes).
    Removing stm32f3xx_hal_spi.o(i.HAL_SPI_MspDeInit), (2 bytes).
    Removing stm32f3xx_hal_spi.o(i.HAL_SPI_MspInit), (2 bytes).
    Removing stm32f3xx_hal_spi.o(i.HAL_SPI_Receive), (530 bytes).
    Removing stm32f3xx_hal_spi.o(i.HAL_SPI_Receive_DMA), (276 bytes).
    Removing stm32f3xx_hal_spi.o(i.HAL_SPI_Receive_IT), (256 bytes).
    Removing stm32f3xx_hal_spi.o(i.HAL_SPI_RxCpltCallback), (2 bytes).
    Removing stm32f3xx_hal_spi.o(i.HAL_SPI_Transmit), (322 bytes).
    Removing stm32f3xx_hal_spi.o(i.HAL_SPI_TransmitReceive), (666 bytes).
    Removing stm32f3xx_hal_spi.o(i.HAL_SPI_TransmitReceive_DMA), (408 bytes).
    Removing stm32f3xx_hal_spi.o(i.HAL_SPI_TransmitReceive_IT), (256 bytes).
    Removing stm32f3xx_hal_spi.o(i.HAL_SPI_Transmit_DMA), (252 bytes).
    Removing stm32f3xx_hal_spi.o(i.HAL_SPI_Transmit_IT), (168 bytes).
    Removing stm32f3xx_hal_spi.o(i.HAL_SPI_TxCpltCallback), (2 bytes).
    Removing stm32f3xx_hal_spi.o(i.HAL_SPI_TxRxCpltCallback), (2 bytes).
    Removing stm32f3xx_hal_spi.o(i.SPI_2linesRxISR_16BIT), (68 bytes).
    Removing stm32f3xx_hal_spi.o(i.SPI_2linesRxISR_16BITCRC), (24 bytes).
    Removing stm32f3xx_hal_spi.o(i.SPI_2linesRxISR_8BIT), (116 bytes).
    Removing stm32f3xx_hal_spi.o(i.SPI_2linesRxISR_8BITCRC), (42 bytes).
    Removing stm32f3xx_hal_spi.o(i.SPI_2linesTxISR_16BIT), (68 bytes).
    Removing stm32f3xx_hal_spi.o(i.SPI_2linesTxISR_8BIT), (88 bytes).
    Removing stm32f3xx_hal_spi.o(i.SPI_CloseRxTx_ISR), (80 bytes).
    Removing stm32f3xx_hal_spi.o(i.SPI_CloseRx_ISR), (80 bytes).
    Removing stm32f3xx_hal_spi.o(i.SPI_CloseTx_ISR), (60 bytes).
    Removing stm32f3xx_hal_spi.o(i.SPI_EndRxTransaction), (84 bytes).
    Removing stm32f3xx_hal_spi.o(i.SPI_EndRxTxTransaction), (66 bytes).
    Removing stm32f3xx_hal_spi.o(i.SPI_RxISR_16BIT), (80 bytes).
    Removing stm32f3xx_hal_spi.o(i.SPI_RxISR_16BITCRC), (24 bytes).
    Removing stm32f3xx_hal_spi.o(i.SPI_RxISR_8BIT), (76 bytes).
    Removing stm32f3xx_hal_spi.o(i.SPI_RxISR_8BITCRC), (28 bytes).
    Removing stm32f3xx_hal_spi.o(i.SPI_TxISR_16BIT), (50 bytes).
    Removing stm32f3xx_hal_spi.o(i.SPI_TxISR_8BIT), (48 bytes).
    Removing stm32f3xx_hal_spi.o(i.SPI_WaitFifoStateUntilTimeout), (156 bytes).
    Removing stm32f3xx_hal_spi.o(i.SPI_WaitFlagStateUntilTimeout), (140 bytes).
    Removing stm32f3xx_hal_i2c.o(.rev16_text), (4 bytes).
    Removing stm32f3xx_hal_i2c.o(.revsh_text), (4 bytes).
    Removing stm32f3xx_hal_i2c.o(i.HAL_I2C_DeInit), (48 bytes).
    Removing stm32f3xx_hal_i2c.o(i.HAL_I2C_ER_IRQHandler), (130 bytes).
    Removing stm32f3xx_hal_i2c.o(i.HAL_I2C_EV_IRQHandler), (298 bytes).
    Removing stm32f3xx_hal_i2c.o(i.HAL_I2C_ErrorCallback), (2 bytes).
    Removing stm32f3xx_hal_i2c.o(i.HAL_I2C_GetError), (6 bytes).
    Removing stm32f3xx_hal_i2c.o(i.HAL_I2C_GetState), (6 bytes).
    Removing stm32f3xx_hal_i2c.o(i.HAL_I2C_Init), (168 bytes).
    Removing stm32f3xx_hal_i2c.o(i.HAL_I2C_IsDeviceReady), (292 bytes).
    Removing stm32f3xx_hal_i2c.o(i.HAL_I2C_MasterRxCpltCallback), (2 bytes).
    Removing stm32f3xx_hal_i2c.o(i.HAL_I2C_MasterTxCpltCallback), (2 bytes).
    Removing stm32f3xx_hal_i2c.o(i.HAL_I2C_Master_Receive), (244 bytes).
    Removing stm32f3xx_hal_i2c.o(i.HAL_I2C_Master_Receive_DMA), (188 bytes).
    Removing stm32f3xx_hal_i2c.o(i.HAL_I2C_Master_Receive_IT), (136 bytes).
    Removing stm32f3xx_hal_i2c.o(i.HAL_I2C_Master_Transmit), (244 bytes).
    Removing stm32f3xx_hal_i2c.o(i.HAL_I2C_Master_Transmit_DMA), (208 bytes).
    Removing stm32f3xx_hal_i2c.o(i.HAL_I2C_Master_Transmit_IT), (136 bytes).
    Removing stm32f3xx_hal_i2c.o(i.HAL_I2C_MemRxCpltCallback), (2 bytes).
    Removing stm32f3xx_hal_i2c.o(i.HAL_I2C_MemTxCpltCallback), (2 bytes).
    Removing stm32f3xx_hal_i2c.o(i.HAL_I2C_Mem_Read), (276 bytes).
    Removing stm32f3xx_hal_i2c.o(i.HAL_I2C_Mem_Read_DMA), (220 bytes).
    Removing stm32f3xx_hal_i2c.o(i.HAL_I2C_Mem_Read_IT), (164 bytes).
    Removing stm32f3xx_hal_i2c.o(i.HAL_I2C_Mem_Write), (272 bytes).
    Removing stm32f3xx_hal_i2c.o(i.HAL_I2C_Mem_Write_DMA), (232 bytes).
    Removing stm32f3xx_hal_i2c.o(i.HAL_I2C_Mem_Write_IT), (164 bytes).
    Removing stm32f3xx_hal_i2c.o(i.HAL_I2C_MspDeInit), (2 bytes).
    Removing stm32f3xx_hal_i2c.o(i.HAL_I2C_MspInit), (2 bytes).
    Removing stm32f3xx_hal_i2c.o(i.HAL_I2C_SlaveRxCpltCallback), (2 bytes).
    Removing stm32f3xx_hal_i2c.o(i.HAL_I2C_SlaveTxCpltCallback), (2 bytes).
    Removing stm32f3xx_hal_i2c.o(i.HAL_I2C_Slave_Receive), (240 bytes).
    Removing stm32f3xx_hal_i2c.o(i.HAL_I2C_Slave_Receive_DMA), (172 bytes).
    Removing stm32f3xx_hal_i2c.o(i.HAL_I2C_Slave_Receive_IT), (84 bytes).
    Removing stm32f3xx_hal_i2c.o(i.HAL_I2C_Slave_Transmit), (284 bytes).
    Removing stm32f3xx_hal_i2c.o(i.HAL_I2C_Slave_Transmit_DMA), (200 bytes).
    Removing stm32f3xx_hal_i2c.o(i.HAL_I2C_Slave_Transmit_IT), (84 bytes).
    Removing stm32f3xx_hal_i2c.o(i.I2C_DMAError), (42 bytes).
    Removing stm32f3xx_hal_i2c.o(i.I2C_DMAMasterReceiveCplt), (360 bytes).
    Removing stm32f3xx_hal_i2c.o(i.I2C_DMAMasterTransmitCplt), (336 bytes).
    Removing stm32f3xx_hal_i2c.o(i.I2C_DMAMemReceiveCplt), (360 bytes).
    Removing stm32f3xx_hal_i2c.o(i.I2C_DMAMemTransmitCplt), (336 bytes).
    Removing stm32f3xx_hal_i2c.o(i.I2C_DMASlaveReceiveCplt), (126 bytes).
    Removing stm32f3xx_hal_i2c.o(i.I2C_DMASlaveTransmitCplt), (114 bytes).
    Removing stm32f3xx_hal_i2c.o(i.I2C_IsAcknowledgeFailed), (156 bytes).
    Removing stm32f3xx_hal_i2c.o(i.I2C_MasterReceive_ISR), (272 bytes).
    Removing stm32f3xx_hal_i2c.o(i.I2C_MasterTransmit_ISR), (272 bytes).
    Removing stm32f3xx_hal_i2c.o(i.I2C_RequestMemoryRead), (100 bytes).
    Removing stm32f3xx_hal_i2c.o(i.I2C_RequestMemoryWrite), (100 bytes).
    Removing stm32f3xx_hal_i2c.o(i.I2C_SlaveReceive_ISR), (164 bytes).
    Removing stm32f3xx_hal_i2c.o(i.I2C_SlaveTransmit_ISR), (172 bytes).
    Removing stm32f3xx_hal_i2c.o(i.I2C_TransferConfig), (36 bytes).
    Removing stm32f3xx_hal_i2c.o(i.I2C_WaitOnFlagUntilTimeout), (106 bytes).
    Removing stm32f3xx_hal_i2c.o(i.I2C_WaitOnRXNEFlagUntilTimeout), (116 bytes).
    Removing stm32f3xx_hal_i2c.o(i.I2C_WaitOnSTOPFlagUntilTimeout), (78 bytes).
    Removing stm32f3xx_hal_i2c.o(i.I2C_WaitOnTXISFlagUntilTimeout), (82 bytes).
    Removing main.o(.rev16_text), (4 bytes).
    Removing main.o(.revsh_text), (4 bytes).
    Removing main.o(.ARM.exidx), (8 bytes).
    Removing board.o(.ARM.exidx), (8 bytes).
    Removing board.o(.ARM.exidx), (8 bytes).
    Removing board.o(.ARM.exidx), (8 bytes).
    Removing motor.o(.ARM.exidx), (8 bytes).
    Removing motor.o(.ARM.exidx), (8 bytes).
    Removing motor.o(.ARM.exidx), (8 bytes).
    Removing motor.o(.ARM.exidx), (8 bytes).
    Removing motor.o(.ARM.exidx), (8 bytes).
    Removing seven_segment_display.o(.ARM.exidx), (8 bytes).
    Removing seven_segment_display.o(.ARM.exidx), (8 bytes).
    Removing timer.o(.rev16_text), (4 bytes).
    Removing timer.o(.revsh_text), (4 bytes).
    Removing timer.o(.ARM.exidx), (8 bytes).
    Removing timer.o(.ARM.exidx), (8 bytes).
    Removing timer.o(.ARM.exidx), (8 bytes).
    Removing button.o(.ARM.exidx), (8 bytes).
    Removing button.o(.ARM.exidx), (8 bytes).
    Removing door_button.o(.ARM.exidx), (8 bytes).
    Removing door_button.o(.ARM.exidx), (8 bytes).
    Removing button_latch.o(.ARM.exidx), (8 bytes).
    Removing button_latch.o(.ARM.exidx), (8 bytes).
    Removing button_latch.o(.ARM.exidx), (8 bytes).
    Removing button_latch.o(.ARM.exidx), (8 bytes).
    Removing buzzer.o(.ARM.exidx), (8 bytes).
    Removing buzzer.o(.ARM.exidx), (8 bytes).
    Removing buzzer.o(.ARM.exidx), (8 bytes).
    Removing washing_machine.o(.ARM.exidx), (8 bytes).
    Removing stage.o(.ARM.exidx), (8 bytes).
    Removing stage.o(.ARM.exidx), (8 bytes).
    Removing stage.o(.ARM.exidx), (8 bytes).
    Removing stage.o(.ARM.exidx), (8 bytes).
    Removing stage.o(.ARM.exidx), (8 bytes).
    Removing stage.o(.ARM.exidx), (8 bytes).
    Removing stage.o(.ARM.exidx), (8 bytes).
    Removing stage.o(.ARM.exidx), (8 bytes).
    Removing program.o(.ARM.exidx), (8 bytes).
    Removing program.o(.ARM.exidx), (8 bytes).
    Removing program.o(.ARM.exidx), (8 bytes).
    Removing program.o(.ARM.exidx), (8 bytes).
    Removing program.o(.ARM.exidx), (8 bytes).
    Removing program.o(.ARM.exidx), (8 bytes).
    Removing program_manager.o(.ARM.exidx), (8 bytes).
    Removing program_manager.o(.ARM.exidx), (8 bytes).
    Removing program_manager.o(.ARM.exidx), (8 bytes).
    Removing program_manager.o(.ARM.exidx), (8 bytes).
    Removing system_operator.o(.ARM.exidx), (8 bytes).
    Removing system_operator.o(.ARM.exidx), (8 bytes).
    Removing system_operator.o(.ARM.exidx), (8 bytes).
    Removing system_operator.o(.ARM.exidx), (8 bytes).
    Removing system_operator.o(.ARM.exidx), (8 bytes).
    Removing stm32f3_discovery.o(.rev16_text), (4 bytes).
    Removing stm32f3_discovery.o(.revsh_text), (4 bytes).
    Removing stm32f3_discovery.o(i.BSP_GetVersion), (8 bytes).
    Removing stm32f3_discovery.o(i.BSP_LED_Init), (108 bytes).
    Removing stm32f3_discovery.o(i.BSP_LED_Off), (28 bytes).
    Removing stm32f3_discovery.o(i.BSP_LED_On), (28 bytes).
    Removing stm32f3_discovery.o(i.BSP_LED_Toggle), (24 bytes).
    Removing stm32f3_discovery.o(i.BSP_PB_GetState), (24 bytes).
    Removing stm32f3_discovery.o(i.BSP_PB_Init), (132 bytes).
    Removing stm32f3_discovery.o(i.COMPASSACCELERO_IO_ITConfig), (72 bytes).
    Removing stm32f3_discovery.o(i.COMPASSACCELERO_IO_Init), (96 bytes).
    Removing stm32f3_discovery.o(i.COMPASSACCELERO_IO_Read), (52 bytes).
    Removing stm32f3_discovery.o(i.COMPASSACCELERO_IO_Write), (48 bytes).
    Removing stm32f3_discovery.o(i.GYRO_IO_Init), (92 bytes).
    Removing stm32f3_discovery.o(i.GYRO_IO_Read), (80 bytes).
    Removing stm32f3_discovery.o(i.GYRO_IO_Write), (72 bytes).
    Removing stm32f3_discovery.o(i.I2Cx_Error), (20 bytes).
    Removing stm32f3_discovery.o(i.I2Cx_Init), (116 bytes).
    Removing stm32f3_discovery.o(i.SPIx_Init), (132 bytes).
    Removing stm32f3_discovery.o(i.SPIx_WriteRead), (56 bytes).
    Removing stm32f3_discovery.o(.bss), (152 bytes).
    Removing stm32f3_discovery.o(.constdata), (20 bytes).
    Removing stm32f3_discovery.o(.data), (44 bytes).
    Removing stm32f3xx_it.o(.rev16_text), (4 bytes).
    Removing stm32f3xx_it.o(.revsh_text), (4 bytes).
    Removing system_stm32f3xx.o(.rev16_text), (4 bytes).
    Removing system_stm32f3xx.o(.revsh_text), (4 bytes).
    Removing system_stm32f3xx.o(i.SystemCoreClockUpdate), (108 bytes).
    Removing startup_stm32f303xc.o(HEAP), (512 bytes).
    Removing board_startup.o(.rev16_text), (4 bytes).
    Removing board_startup.o(.revsh_text), (4 bytes).
    Removing button.o(.constdata__ZTI6Button), (8 bytes).
    Removing button.o(.constdata__ZTS6Button), (8 bytes).
    Removing door_button.o(.constdata__ZTI10DoorButton), (12 bytes).
    Removing door_button.o(.constdata__ZTS10DoorButton), (13 bytes).

248 unused section(s) (total 20785 bytes) removed from the image.

==============================================================================

Image Symbol Table

    Local Symbols

    Symbol Name                              Value     Ov Type        Size  Object(Section)

    ../../../clib/unwind_pr.c                0x00000000   Number         0  unwind_prcommon.o ABSOLUTE
    ../../../clib/unwind_pr.c                0x00000000   Number         0  unwind_pr0.o ABSOLUTE
    ../../../clib/unwinder.c                 0x00000000   Number         0  unwind_activity.o ABSOLUTE
    ../../../clib/unwinder.c                 0x00000000   Number         0  unwind_activity.o ABSOLUTE
    ../../../clib/unwinder.c                 0x00000000   Number         0  unwinder.o ABSOLUTE
    ../../../clib/unwinder.c                 0x00000000   Number         0  unwinder.o ABSOLUTE
    ../../../edgfe/lib_src/arm_exceptions.c  0x00000000   Number         0  arm_exceptions_globs.o ABSOLUTE
    ../../../edgfe/lib_src/arm_exceptions.c  0x00000000   Number         0  arm_exceptions_callterm.o ABSOLUTE
    ../../../edgfe/lib_src/arm_exceptions.c  0x00000000   Number         0  arm_exceptions_support.o ABSOLUTE
    ../../../edgfe/lib_src/arm_exceptions.c  0x00000000   Number         0  arm_exceptions_mem.o ABSOLUTE
    ../../../edgfe/lib_src/arm_exceptions.c  0x00000000   Number         0  arm_exceptions_terminate.o ABSOLUTE
    ../../../edgfe/lib_src/arm_noexceptions.c 0x00000000   Number         0  arm_begincatch_noexceptions.o ABSOLUTE
    ../../../edgfe/lib_src/typeinfo.c        0x00000000   Number         0  type_info_dtor.o ABSOLUTE
    ../../../edgfe/lib_src/typeinfo.c        0x00000000   Number         0  lib_rtti_impl.o ABSOLUTE
    ../../array_helpers.cpp                  0x00000000   Number         0  aeabi_vec_ctor_nocookie_nodtor.o ABSOLUTE
    ../clib/microlib/cpp/cpp_memory.c        0x00000000   Number         0  cpp_memory.o ABSOLUTE
    ../clib/microlib/init/entry.s            0x00000000   Number         0  entry9a.o ABSOLUTE
    ../clib/microlib/init/entry.s            0x00000000   Number         0  entry5.o ABSOLUTE
    ../clib/microlib/init/entry.s            0x00000000   Number         0  entry2.o ABSOLUTE
    ../clib/microlib/init/entry.s            0x00000000   Number         0  entry8b.o ABSOLUTE
    ../clib/microlib/init/entry.s            0x00000000   Number         0  entry.o ABSOLUTE
    ../clib/microlib/init/entry.s            0x00000000   Number         0  entry8a.o ABSOLUTE
    ../clib/microlib/init/entry.s            0x00000000   Number         0  entry7b.o ABSOLUTE
    ../clib/microlib/init/entry.s            0x00000000   Number         0  entry7a.o ABSOLUTE
    ../clib/microlib/init/entry.s            0x00000000   Number         0  entry10a.o ABSOLUTE
    ../clib/microlib/init/entry.s            0x00000000   Number         0  entry11b.o ABSOLUTE
    ../clib/microlib/init/entry.s            0x00000000   Number         0  entry11a.o ABSOLUTE
    ../clib/microlib/init/entry.s            0x00000000   Number         0  entry10b.o ABSOLUTE
    ../clib/microlib/init/entry.s            0x00000000   Number         0  entry9b.o ABSOLUTE
    ../clib/microlib/malloc/malloc.c         0x00000000   Number         0  malloc.o ABSOLUTE
    ../clib/microlib/malloc/malloc.c         0x00000000   Number         0  mallocr.o ABSOLUTE
    ../clib/microlib/malloc/malloc.c         0x00000000   Number         0  malloca.o ABSOLUTE
    ../clib/microlib/malloc/malloc.c         0x00000000   Number         0  mallocra.o ABSOLUTE
    ../clib/microlib/malloc/mvars.c          0x00000000   Number         0  mvars.o ABSOLUTE
    ../clib/microlib/stdlib/abort.c          0x00000000   Number         0  abort.o ABSOLUTE
    ../clib/microlib/stdlib/bsearch.c        0x00000000   Number         0  bsearch.o ABSOLUTE
    ../clib/microlib/string/memcpy.c         0x00000000   Number         0  memcpya.o ABSOLUTE
    ../clib/microlib/string/memcpy.c         0x00000000   Number         0  memcpyb.o ABSOLUTE
    ../clib/microlib/string/strcmp.c         0x00000000   Number         0  strcmp.o ABSOLUTE
    Drivers\BSP\STM32F3-Discovery\stm32f3_discovery.c 0x00000000   Number         0  stm32f3_discovery.o ABSOLUTE
    Drivers\STM32F3xx_HAL_Driver\Src\stm32f3xx_hal.c 0x00000000   Number         0  stm32f3xx_hal.o ABSOLUTE
    Drivers\STM32F3xx_HAL_Driver\Src\stm32f3xx_hal_cortex.c 0x00000000   Number         0  stm32f3xx_hal_cortex.o ABSOLUTE
    Drivers\STM32F3xx_HAL_Driver\Src\stm32f3xx_hal_dma.c 0x00000000   Number         0  stm32f3xx_hal_dma.o ABSOLUTE
    Drivers\STM32F3xx_HAL_Driver\Src\stm32f3xx_hal_gpio.c 0x00000000   Number         0  stm32f3xx_hal_gpio.o ABSOLUTE
    Drivers\STM32F3xx_HAL_Driver\Src\stm32f3xx_hal_i2c.c 0x00000000   Number         0  stm32f3xx_hal_i2c.o ABSOLUTE
    Drivers\STM32F3xx_HAL_Driver\Src\stm32f3xx_hal_rcc.c 0x00000000   Number         0  stm32f3xx_hal_rcc.o ABSOLUTE
    Drivers\STM32F3xx_HAL_Driver\Src\stm32f3xx_hal_spi.c 0x00000000   Number         0  stm32f3xx_hal_spi.o ABSOLUTE
    Drivers\\BSP\\STM32F3-Discovery\\stm32f3_discovery.c 0x00000000   Number         0  stm32f3_discovery.o ABSOLUTE
    Drivers\\STM32F3xx_HAL_Driver\\Src\\stm32f3xx_hal.c 0x00000000   Number         0  stm32f3xx_hal.o ABSOLUTE
    Drivers\\STM32F3xx_HAL_Driver\\Src\\stm32f3xx_hal_cortex.c 0x00000000   Number         0  stm32f3xx_hal_cortex.o ABSOLUTE
    Drivers\\STM32F3xx_HAL_Driver\\Src\\stm32f3xx_hal_dma.c 0x00000000   Number         0  stm32f3xx_hal_dma.o ABSOLUTE
    Drivers\\STM32F3xx_HAL_Driver\\Src\\stm32f3xx_hal_gpio.c 0x00000000   Number         0  stm32f3xx_hal_gpio.o ABSOLUTE
    Drivers\\STM32F3xx_HAL_Driver\\Src\\stm32f3xx_hal_i2c.c 0x00000000   Number         0  stm32f3xx_hal_i2c.o ABSOLUTE
    Drivers\\STM32F3xx_HAL_Driver\\Src\\stm32f3xx_hal_rcc.c 0x00000000   Number         0  stm32f3xx_hal_rcc.o ABSOLUTE
    Drivers\\STM32F3xx_HAL_Driver\\Src\\stm32f3xx_hal_spi.c 0x00000000   Number         0  stm32f3xx_hal_spi.o ABSOLUTE
    Src\\main.cpp                            0x00000000   Number         0  main.o ABSOLUTE
    Src\\timer.cpp                           0x00000000   Number         0  timer.o ABSOLUTE
    Src\board.cpp                            0x00000000   Number         0  board.o ABSOLUTE
    Src\button.cpp                           0x00000000   Number         0  button.o ABSOLUTE
    Src\button_latch.cpp                     0x00000000   Number         0  button_latch.o ABSOLUTE
    Src\buzzer.cpp                           0x00000000   Number         0  buzzer.o ABSOLUTE
    Src\door_button.cpp                      0x00000000   Number         0  door_button.o ABSOLUTE
    Src\main.cpp                             0x00000000   Number         0  main.o ABSOLUTE
    Src\motor.cpp                            0x00000000   Number         0  motor.o ABSOLUTE
    Src\program.cpp                          0x00000000   Number         0  program.o ABSOLUTE
    Src\program_data.cpp                     0x00000000   Number         0  program_data.o ABSOLUTE
    Src\program_manager.cpp                  0x00000000   Number         0  program_manager.o ABSOLUTE
    Src\seven_segment_display.cpp            0x00000000   Number         0  seven_segment_display.o ABSOLUTE
    Src\stage.cpp                            0x00000000   Number         0  stage.o ABSOLUTE
    Src\stage_data.cpp                       0x00000000   Number         0  stage_data.o ABSOLUTE
    Src\system_operator.cpp                  0x00000000   Number         0  system_operator.o ABSOLUTE
    Src\timer.cpp                            0x00000000   Number         0  timer.o ABSOLUTE
    Src\washing_machine.cpp                  0x00000000   Number         0  washing_machine.o ABSOLUTE
    StartUp\Src\board_startup.c              0x00000000   Number         0  board_startup.o ABSOLUTE
    StartUp\Src\startup_stm32f303xc.s        0x00000000   Number         0  startup_stm32f303xc.o ABSOLUTE
    StartUp\Src\stm32f3xx_it.c               0x00000000   Number         0  stm32f3xx_it.o ABSOLUTE
    StartUp\Src\system_stm32f3xx.c           0x00000000   Number         0  system_stm32f3xx.o ABSOLUTE
    StartUp\\Src\\board_startup.c            0x00000000   Number         0  board_startup.o ABSOLUTE
    StartUp\\Src\\stm32f3xx_it.c             0x00000000   Number         0  stm32f3xx_it.o ABSOLUTE
    StartUp\\Src\\system_stm32f3xx.c         0x00000000   Number         0  system_stm32f3xx.o ABSOLUTE
    dc.s                                     0x00000000   Number         0  dc.o ABSOLUTE
    handlers.s                               0x00000000   Number         0  handlers.o ABSOLUTE
    init.s                                   0x00000000   Number         0  init.o ABSOLUTE
    RESET                                    0x08000000   Section      392  startup_stm32f303xc.o(RESET)
    .ARM.Collect$$$$00000000                 0x08000188   Section        0  entry.o(.ARM.Collect$$$$00000000)
    .ARM.Collect$$$$00000001                 0x08000188   Section        4  entry2.o(.ARM.Collect$$$$00000001)
    .ARM.Collect$$$$00000004                 0x0800018c   Section        4  entry5.o(.ARM.Collect$$$$00000004)
    .ARM.Collect$$$$00000008                 0x08000190   Section        0  entry7b.o(.ARM.Collect$$$$00000008)
    .ARM.Collect$$$$0000000A                 0x08000190   Section        0  entry8b.o(.ARM.Collect$$$$0000000A)
    .ARM.Collect$$$$0000000B                 0x08000190   Section        8  entry9a.o(.ARM.Collect$$$$0000000B)
    .ARM.Collect$$$$0000000D                 0x08000198   Section        0  entry10a.o(.ARM.Collect$$$$0000000D)
    .ARM.Collect$$$$0000000F                 0x08000198   Section        0  entry11a.o(.ARM.Collect$$$$0000000F)
    .ARM.Collect$$$$00002712                 0x08000198   Section        4  entry2.o(.ARM.Collect$$$$00002712)
    __lit__00000000                          0x08000198   Data           4  entry2.o(.ARM.Collect$$$$00002712)
    .text                                    0x0800019c   Section       36  startup_stm32f303xc.o(.text)
    $v0                                      0x0800019c   Number         0  startup_stm32f303xc.o(.text)
    .text                                    0x080001c0   Section        0  strcmp.o(.text)
    .text                                    0x080001dc   Section       36  init.o(.text)
    i.BusFault_Handler                       0x08000200   Section        0  stm32f3xx_it.o(i.BusFault_Handler)
    i.DebugMon_Handler                       0x08000202   Section        0  stm32f3xx_it.o(i.DebugMon_Handler)
    i.EXTI0_IRQHandler                       0x08000204   Section        0  stm32f3xx_it.o(i.EXTI0_IRQHandler)
    i.HAL_Delay                              0x0800020a   Section        0  stm32f3xx_hal.o(i.HAL_Delay)
    i.HAL_GPIO_EXTI_Callback                 0x08000220   Section        0  stm32f3xx_hal_gpio.o(i.HAL_GPIO_EXTI_Callback)
    i.HAL_GPIO_EXTI_IRQHandler               0x08000224   Section        0  stm32f3xx_hal_gpio.o(i.HAL_GPIO_EXTI_IRQHandler)
    i.HAL_GetTick                            0x0800023c   Section        0  stm32f3xx_hal.o(i.HAL_GetTick)
    i.HAL_IncTick                            0x08000248   Section        0  stm32f3xx_hal.o(i.HAL_IncTick)
    i.HAL_Init                               0x08000258   Section        0  stm32f3xx_hal.o(i.HAL_Init)
    i.HAL_InitTick                           0x0800027c   Section        0  stm32f3xx_hal.o(i.HAL_InitTick)
    i.HAL_MspInit                            0x0800029e   Section        0  stm32f3xx_hal.o(i.HAL_MspInit)
    i.HAL_NVIC_SetPriority                   0x080002a0   Section        0  stm32f3xx_hal_cortex.o(i.HAL_NVIC_SetPriority)
    i.HAL_NVIC_SetPriorityGrouping           0x080002e0   Section        0  stm32f3xx_hal_cortex.o(i.HAL_NVIC_SetPriorityGrouping)
    i.HAL_RCC_ClockConfig                    0x08000304   Section        0  stm32f3xx_hal_rcc.o(i.HAL_RCC_ClockConfig)
    i.HAL_RCC_GetHCLKFreq                    0x0800058c   Section        0  stm32f3xx_hal_rcc.o(i.HAL_RCC_GetHCLKFreq)
    i.HAL_RCC_GetSysClockFreq                0x080005c0   Section        0  stm32f3xx_hal_rcc.o(i.HAL_RCC_GetSysClockFreq)
    i.HAL_RCC_OscConfig                      0x08000624   Section        0  stm32f3xx_hal_rcc.o(i.HAL_RCC_OscConfig)
    i.HAL_SYSTICK_Config                     0x08000bb4   Section        0  stm32f3xx_hal_cortex.o(i.HAL_SYSTICK_Config)
    i.HardFault_Handler                      0x08000bdc   Section        0  stm32f3xx_it.o(i.HardFault_Handler)
    i.MemManage_Handler                      0x08000bde   Section        0  stm32f3xx_it.o(i.MemManage_Handler)
    i.NMI_Handler                            0x08000be0   Section        0  stm32f3xx_it.o(i.NMI_Handler)
    i.NVIC_SetPriority                       0x08000be2   Section        0  stm32f3xx_hal_cortex.o(i.NVIC_SetPriority)
    NVIC_SetPriority                         0x08000be3   Thumb Code    32  stm32f3xx_hal_cortex.o(i.NVIC_SetPriority)
    i.PendSV_Handler                         0x08000c02   Section        0  stm32f3xx_it.o(i.PendSV_Handler)
    i.SVC_Handler                            0x08000c04   Section        0  stm32f3xx_it.o(i.SVC_Handler)
    i.SysTick_Handler                        0x08000c06   Section        0  stm32f3xx_it.o(i.SysTick_Handler)
    i.SystemInit                             0x08000c0c   Section        0  system_stm32f3xx.o(i.SystemInit)
    i.UsageFault_Handler                     0x08000c74   Section        0  stm32f3xx_it.o(i.UsageFault_Handler)
    i._ZN10DoorButtonC1EthP5Board            0x08000c78   Section        0  door_button.o(i._ZN10DoorButtonC1EthP5Board)
    i._ZN11ButtonLatchC1EthP5Board           0x08000c88   Section        0  button_latch.o(i._ZN11ButtonLatchC1EthP5Board)
    i._ZN11ButtonLatchD1Ev                   0x08000c9a   Section        0  button_latch.o(i._ZN11ButtonLatchD1Ev)
    i._ZN14ProgramManager13selectProgramEh   0x08000c9c   Section        0  program_manager.o(i._ZN14ProgramManager13selectProgramEh)
    i._ZN14ProgramManagerC1EP7Program        0x08000cb8   Section        0  program_manager.o(i._ZN14ProgramManagerC1EP7Program)
    i._ZN14SystemOperator10readyLatchEv      0x08000cc8   Section        0  system_operator.o(i._ZN14SystemOperator10readyLatchEv)
    i._ZN14SystemOperator11soundBuzzerEv     0x08000cee   Section        0  system_operator.o(i._ZN14SystemOperator11soundBuzzerEv)
    i._ZN14SystemOperator13selectProgramEv   0x08000d16   Section        0  system_operator.o(i._ZN14SystemOperator13selectProgramEv)
    i._ZN14SystemOperator3runEv              0x08000e60   Section        0  system_operator.o(i._ZN14SystemOperator3runEv)
    i._ZN14SystemOperatorC1EP7ProgramP14ProgramManagerP5TimerP6ButtonS7_S7_S7_S7_P10DoorButtonP6BuzzerP11ButtonLatchP19SevenSegmentDisplay 0x08001066   Section        0  system_operator.o(i._ZN14SystemOperatorC1EP7ProgramP14ProgramManagerP5TimerP6ButtonS7_S7_S7_S7_P10DoorButtonP6BuzzerP11ButtonLatchP19SevenSegmentDisplay)
    i._ZN14WashingMachineC1Ev                0x08001072   Section        0  washing_machine.o(i._ZN14WashingMachineC1Ev)
    i._ZN19SevenSegmentDisplayC1EtttthP5Board 0x0800117a   Section        0  seven_segment_display.o(i._ZN19SevenSegmentDisplayC1EtttthP5Board)
    i._ZN5BoardC1Ev                          0x080011a0   Section        0  board.o(i._ZN5BoardC1Ev)
    i._ZN5MotorC1EtthP5Board                 0x08001224   Section        0  motor.o(i._ZN5MotorC1EtthP5Board)
    i._ZN5Stage11setDurationEj               0x0800123c   Section        0  stage.o(i._ZN5Stage11setDurationEj)
    i._ZN5Stage15setMotorPointerEP5Motor     0x08001244   Section        0  stage.o(i._ZN5Stage15setMotorPointerEP5Motor)
    i._ZN5Stage15setTimerPointerEP5Timer     0x08001248   Section        0  stage.o(i._ZN5Stage15setTimerPointerEP5Timer)
    i._ZN5Stage17setDisplayPointerEP19SevenSegmentDisplay 0x0800124c   Section        0  stage.o(i._ZN5Stage17setDisplayPointerEP19SevenSegmentDisplay)
    i._ZN5Stage3runEv                        0x08001250   Section        0  stage.o(i._ZN5Stage3runEv)
    i._ZN5Stage7setTypeE9StageType           0x080013dc   Section        0  stage.o(i._ZN5Stage7setTypeE9StageType)
    i._ZN5StageC1Ev                          0x080013e4   Section        0  stage.o(i._ZN5StageC1Ev)
    i._ZN5Timer10checkTimerEv                0x080013f2   Section        0  timer.o(i._ZN5Timer10checkTimerEv)
    i._ZN5Timer8setTimerEj                   0x0800140c   Section        0  timer.o(i._ZN5Timer8setTimerEj)
    i._ZN5TimerC1Ev                          0x08001416   Section        0  timer.o(i._ZN5TimerC1Ev)
    i._ZN6ButtonC1EthP5Board                 0x0800141c   Section        0  button.o(i._ZN6ButtonC1EthP5Board)
    i._ZN6BuzzerC1EthP5Board                 0x08001430   Section        0  buzzer.o(i._ZN6BuzzerC1EthP5Board)
    i._ZN7Program22incrementSelectedStageEv  0x08001442   Section        0  program.o(i._ZN7Program22incrementSelectedStageEv)
    i._ZN7Program5resetEv                    0x0800144e   Section        0  program.o(i._ZN7Program5resetEv)
    i._ZN7Program8addStageE9StageTypej       0x0800145a   Section        0  program.o(i._ZN7Program8addStageE9StageTypej)
    i._ZN7Program8setStateE12ProgramState    0x08001494   Section        0  program.o(i._ZN7Program8setStateE12ProgramState)
    i._ZN7ProgramC1EP19SevenSegmentDisplayP5MotorP5Timer 0x080014f8   Section        0  program.o(i._ZN7ProgramC1EP19SevenSegmentDisplayP5MotorP5Timer)
    i._ZNK10DoorButton15getButtonStatusEv    0x08001550   Section        0  door_button.o(i._ZNK10DoorButton15getButtonStatusEv)
    i._ZNK11ButtonLatch10resetLatchEv        0x08001576   Section        0  button_latch.o(i._ZNK11ButtonLatch10resetLatchEv)
    i._ZNK11ButtonLatch8setLatchEv           0x08001582   Section        0  button_latch.o(i._ZNK11ButtonLatch8setLatchEv)
    i._ZNK14ProgramManager16getProgramOffsetEh 0x08001590   Section        0  program_manager.o(i._ZNK14ProgramManager16getProgramOffsetEh)
    i._ZNK14ProgramManager19updateProgramStagesEh 0x080015e8   Section        0  program_manager.o(i._ZNK14ProgramManager19updateProgramStagesEh)
    i._ZNK19SevenSegmentDisplay10writeValueEh 0x080016fc   Section        0  seven_segment_display.o(i._ZNK19SevenSegmentDisplay10writeValueEh)
    i._ZNK5Board10getGpioIdrEth              0x080017ec   Section        0  board.o(i._ZNK5Board10getGpioIdrEth)
    i._ZNK5Board10setGpioOdrEth8PinState     0x08001806   Section        0  board.o(i._ZNK5Board10setGpioOdrEth8PinState)
    i._ZNK5Motor14motorClockwiseEv           0x08001826   Section        0  motor.o(i._ZNK5Motor14motorClockwiseEv)
    i._ZNK5Motor14motorControlOnEv           0x08001832   Section        0  motor.o(i._ZNK5Motor14motorControlOnEv)
    i._ZNK5Motor15motorControlOffEv          0x0800183e   Section        0  motor.o(i._ZNK5Motor15motorControlOffEv)
    i._ZNK5Motor18motorAntiClockwiseEv       0x0800184a   Section        0  motor.o(i._ZNK5Motor18motorAntiClockwiseEv)
    i._ZNK5Stage13getStageStateEv            0x08001856   Section        0  stage.o(i._ZNK5Stage13getStageStateEv)
    i._ZNK6Button15getButtonStatusEv         0x0800185a   Section        0  button.o(i._ZNK6Button15getButtonStatusEv)
    i._ZNK6Buzzer8toggleOnEv                 0x0800187c   Section        0  buzzer.o(i._ZNK6Buzzer8toggleOnEv)
    i._ZNK6Buzzer9toggleOffEv                0x08001888   Section        0  buzzer.o(i._ZNK6Buzzer9toggleOffEv)
    i._ZNK7Program8getStateEv                0x08001894   Section        0  program.o(i._ZNK7Program8getStateEv)
    i.__aeabi_vec_ctor_nocookie_nodtor       0x08001898   Section        0  aeabi_vec_ctor_nocookie_nodtor.o(i.__aeabi_vec_ctor_nocookie_nodtor)
    i.__scatterload_copy                     0x080018bc   Section       14  handlers.o(i.__scatterload_copy)
    i.__scatterload_null                     0x080018ca   Section        2  handlers.o(i.__scatterload_null)
    i.__scatterload_zeroinit                 0x080018cc   Section       14  handlers.o(i.__scatterload_zeroinit)
    i.board_startup                          0x080018dc   Section        0  board_startup.o(i.board_startup)
    i.main                                   0x08001944   Section        0  main.o(i.main)
    .constdata                               0x08001962   Section       48  stm32f3xx_hal_rcc.o(.constdata)
    .constdata                               0x08001992   Section        3  stage_data.o(.constdata)
    .constdata                               0x08001995   Section        3  stage_data.o(.constdata)
    .constdata                               0x08001998   Section        3  stage_data.o(.constdata)
    .constdata                               0x0800199b   Section        3  stage_data.o(.constdata)
    .constdata                               0x0800199e   Section        3  stage_data.o(.constdata)
    .constdata                               0x080019a1   Section        3  stage_data.o(.constdata)
    .constdata                               0x080019a4   Section        3  stage_data.o(.constdata)
    .constdata                               0x080019a7   Section        3  stage_data.o(.constdata)
    .constdata                               0x080019aa   Section        3  stage_data.o(.constdata)
    .constdata__ZTV10DoorButton              0x080019b0   Section       12  door_button.o(.constdata__ZTV10DoorButton)
    .constdata__ZTV6Button                   0x080019bc   Section       12  button.o(.constdata__ZTV6Button)
    .conststring                             0x080019c8   Section       85  program_data.o(.conststring)
    .data                                    0x20000000   Section        4  stm32f3xx_hal.o(.data)
    uwTick                                   0x20000000   Data           4  stm32f3xx_hal.o(.data)
    .data                                    0x20000004   Section        4  program_data.o(.data)
    .data                                    0x20000008   Section       20  system_stm32f3xx.o(.data)
    STACK                                    0x20000020   Section     1024  startup_stm32f303xc.o(STACK)

    Global Symbols

    Symbol Name                              Value     Ov Type        Size  Object(Section)

    BuildAttributes$$THM_ISAv4$E$P$D$K$B$S$7EM$VFPi3$EXTD16$VFPS$VFMA$PE$A:L22UL41UL21$X:L11$S22US41US21$IEEE1$IW$USESV6$~STKCKD$USESV7$~SHL$OSPACE$EBA8$UX$MICROLIB$REQ8$PRES8$EABIv2 0x00000000   Number         0  anon$$obj.o ABSOLUTE
    __ARM_use_no_argv                        0x00000000   Number         0  main.o ABSOLUTE
    SHT$$ARM_EXIDX$$Base                      - Undefined Reference
    SHT$$ARM_EXIDX$$Limit                     - Undefined Reference
    __ARM::default_unexpected_handler()       - Undefined Weak Reference
    __ARM_exceptions_buffer_required          - Undefined Weak Reference
    __aeabi_unwind_cpp_pr1                    - Undefined Weak Reference
    __aeabi_unwind_cpp_pr2                    - Undefined Weak Reference
    __cpp_initialize__aeabi_                  - Undefined Weak Reference
    __cxa_begin_cleanup                       - Undefined Weak Reference
    __cxa_call_unexpected                     - Undefined Weak Reference
    __cxa_finalize                            - Undefined Weak Reference
    __cxa_type_match                          - Undefined Weak Reference
    __decompress                              - Undefined Weak Reference
    _clock_init                               - Undefined Weak Reference
    _microlib_exit                            - Undefined Weak Reference
    __Vectors_Size                           0x00000188   Number         0  startup_stm32f303xc.o ABSOLUTE
    __Vectors                                0x08000000   Data           4  startup_stm32f303xc.o(RESET)
    __Vectors_End                            0x08000188   Data           0  startup_stm32f303xc.o(RESET)
    __main                                   0x08000189   Thumb Code     0  entry.o(.ARM.Collect$$$$00000000)
    _main_stk                                0x08000189   Thumb Code     0  entry2.o(.ARM.Collect$$$$00000001)
    _main_scatterload                        0x0800018d   Thumb Code     0  entry5.o(.ARM.Collect$$$$00000004)
    __main_after_scatterload                 0x08000191   Thumb Code     0  entry5.o(.ARM.Collect$$$$00000004)
    _main_clock                              0x08000191   Thumb Code     0  entry7b.o(.ARM.Collect$$$$00000008)
    _main_cpp_init                           0x08000191   Thumb Code     0  entry8b.o(.ARM.Collect$$$$0000000A)
    _main_init                               0x08000191   Thumb Code     0  entry9a.o(.ARM.Collect$$$$0000000B)
    __rt_final_cpp                           0x08000199   Thumb Code     0  entry10a.o(.ARM.Collect$$$$0000000D)
    __rt_final_exit                          0x08000199   Thumb Code     0  entry11a.o(.ARM.Collect$$$$0000000F)
    Reset_Handler                            0x0800019d   Thumb Code     8  startup_stm32f303xc.o(.text)
    ADC1_2_IRQHandler                        0x080001b7   Thumb Code     0  startup_stm32f303xc.o(.text)
    ADC3_IRQHandler                          0x080001b7   Thumb Code     0  startup_stm32f303xc.o(.text)
    ADC4_IRQHandler                          0x080001b7   Thumb Code     0  startup_stm32f303xc.o(.text)
    CAN_RX1_IRQHandler                       0x080001b7   Thumb Code     0  startup_stm32f303xc.o(.text)
    CAN_SCE_IRQHandler                       0x080001b7   Thumb Code     0  startup_stm32f303xc.o(.text)
    COMP1_2_3_IRQHandler                     0x080001b7   Thumb Code     0  startup_stm32f303xc.o(.text)
    COMP4_5_6_IRQHandler                     0x080001b7   Thumb Code     0  startup_stm32f303xc.o(.text)
    COMP7_IRQHandler                         0x080001b7   Thumb Code     0  startup_stm32f303xc.o(.text)
    DMA1_Channel1_IRQHandler                 0x080001b7   Thumb Code     0  startup_stm32f303xc.o(.text)
    DMA1_Channel2_IRQHandler                 0x080001b7   Thumb Code     0  startup_stm32f303xc.o(.text)
    DMA1_Channel3_IRQHandler                 0x080001b7   Thumb Code     0  startup_stm32f303xc.o(.text)
    DMA1_Channel4_IRQHandler                 0x080001b7   Thumb Code     0  startup_stm32f303xc.o(.text)
    DMA1_Channel5_IRQHandler                 0x080001b7   Thumb Code     0  startup_stm32f303xc.o(.text)
    DMA1_Channel6_IRQHandler                 0x080001b7   Thumb Code     0  startup_stm32f303xc.o(.text)
    DMA1_Channel7_IRQHandler                 0x080001b7   Thumb Code     0  startup_stm32f303xc.o(.text)
    DMA2_Channel1_IRQHandler                 0x080001b7   Thumb Code     0  startup_stm32f303xc.o(.text)
    DMA2_Channel2_IRQHandler                 0x080001b7   Thumb Code     0  startup_stm32f303xc.o(.text)
    DMA2_Channel3_IRQHandler                 0x080001b7   Thumb Code     0  startup_stm32f303xc.o(.text)
    DMA2_Channel4_IRQHandler                 0x080001b7   Thumb Code     0  startup_stm32f303xc.o(.text)
    DMA2_Channel5_IRQHandler                 0x080001b7   Thumb Code     0  startup_stm32f303xc.o(.text)
    EXTI15_10_IRQHandler                     0x080001b7   Thumb Code     0  startup_stm32f303xc.o(.text)
    EXTI1_IRQHandler                         0x080001b7   Thumb Code     0  startup_stm32f303xc.o(.text)
    EXTI2_TSC_IRQHandler                     0x080001b7   Thumb Code     0  startup_stm32f303xc.o(.text)
    EXTI3_IRQHandler                         0x080001b7   Thumb Code     0  startup_stm32f303xc.o(.text)
    EXTI4_IRQHandler                         0x080001b7   Thumb Code     0  startup_stm32f303xc.o(.text)
    EXTI9_5_IRQHandler                       0x080001b7   Thumb Code     0  startup_stm32f303xc.o(.text)
    FLASH_IRQHandler                         0x080001b7   Thumb Code     0  startup_stm32f303xc.o(.text)
    FPU_IRQHandler                           0x080001b7   Thumb Code     0  startup_stm32f303xc.o(.text)
    I2C1_ER_IRQHandler                       0x080001b7   Thumb Code     0  startup_stm32f303xc.o(.text)
    I2C1_EV_IRQHandler                       0x080001b7   Thumb Code     0  startup_stm32f303xc.o(.text)
    I2C2_ER_IRQHandler                       0x080001b7   Thumb Code     0  startup_stm32f303xc.o(.text)
    I2C2_EV_IRQHandler                       0x080001b7   Thumb Code     0  startup_stm32f303xc.o(.text)
    PVD_IRQHandler                           0x080001b7   Thumb Code     0  startup_stm32f303xc.o(.text)
    RCC_IRQHandler                           0x080001b7   Thumb Code     0  startup_stm32f303xc.o(.text)
    RTC_Alarm_IRQHandler                     0x080001b7   Thumb Code     0  startup_stm32f303xc.o(.text)
    RTC_WKUP_IRQHandler                      0x080001b7   Thumb Code     0  startup_stm32f303xc.o(.text)
    SPI1_IRQHandler                          0x080001b7   Thumb Code     0  startup_stm32f303xc.o(.text)
    SPI2_IRQHandler                          0x080001b7   Thumb Code     0  startup_stm32f303xc.o(.text)
    SPI3_IRQHandler                          0x080001b7   Thumb Code     0  startup_stm32f303xc.o(.text)
    TAMP_STAMP_IRQHandler                    0x080001b7   Thumb Code     0  startup_stm32f303xc.o(.text)
    TIM1_BRK_TIM15_IRQHandler                0x080001b7   Thumb Code     0  startup_stm32f303xc.o(.text)
    TIM1_CC_IRQHandler                       0x080001b7   Thumb Code     0  startup_stm32f303xc.o(.text)
    TIM1_TRG_COM_TIM17_IRQHandler            0x080001b7   Thumb Code     0  startup_stm32f303xc.o(.text)
    TIM1_UP_TIM16_IRQHandler                 0x080001b7   Thumb Code     0  startup_stm32f303xc.o(.text)
    TIM2_IRQHandler                          0x080001b7   Thumb Code     0  startup_stm32f303xc.o(.text)
    TIM3_IRQHandler                          0x080001b7   Thumb Code     0  startup_stm32f303xc.o(.text)
    TIM4_IRQHandler                          0x080001b7   Thumb Code     0  startup_stm32f303xc.o(.text)
    TIM6_DAC_IRQHandler                      0x080001b7   Thumb Code     0  startup_stm32f303xc.o(.text)
    TIM7_IRQHandler                          0x080001b7   Thumb Code     0  startup_stm32f303xc.o(.text)
    TIM8_BRK_IRQHandler                      0x080001b7   Thumb Code     0  startup_stm32f303xc.o(.text)
    TIM8_CC_IRQHandler                       0x080001b7   Thumb Code     0  startup_stm32f303xc.o(.text)
    TIM8_TRG_COM_IRQHandler                  0x080001b7   Thumb Code     0  startup_stm32f303xc.o(.text)
    TIM8_UP_IRQHandler                       0x080001b7   Thumb Code     0  startup_stm32f303xc.o(.text)
    UART4_IRQHandler                         0x080001b7   Thumb Code     0  startup_stm32f303xc.o(.text)
    UART5_IRQHandler                         0x080001b7   Thumb Code     0  startup_stm32f303xc.o(.text)
    USART1_IRQHandler                        0x080001b7   Thumb Code     0  startup_stm32f303xc.o(.text)
    USART2_IRQHandler                        0x080001b7   Thumb Code     0  startup_stm32f303xc.o(.text)
    USART3_IRQHandler                        0x080001b7   Thumb Code     0  startup_stm32f303xc.o(.text)
    USBWakeUp_IRQHandler                     0x080001b7   Thumb Code     0  startup_stm32f303xc.o(.text)
    USBWakeUp_RMP_IRQHandler                 0x080001b7   Thumb Code     0  startup_stm32f303xc.o(.text)
    USB_HP_CAN_TX_IRQHandler                 0x080001b7   Thumb Code     0  startup_stm32f303xc.o(.text)
    USB_HP_IRQHandler                        0x080001b7   Thumb Code     0  startup_stm32f303xc.o(.text)
    USB_LP_CAN_RX0_IRQHandler                0x080001b7   Thumb Code     0  startup_stm32f303xc.o(.text)
    USB_LP_IRQHandler                        0x080001b7   Thumb Code     0  startup_stm32f303xc.o(.text)
    WWDG_IRQHandler                          0x080001b7   Thumb Code     0  startup_stm32f303xc.o(.text)
    strcmp                                   0x080001c1   Thumb Code    28  strcmp.o(.text)
    __scatterload                            0x080001dd   Thumb Code    28  init.o(.text)
    __scatterload_rt2                        0x080001dd   Thumb Code     0  init.o(.text)
    BusFault_Handler                         0x08000201   Thumb Code     2  stm32f3xx_it.o(i.BusFault_Handler)
    DebugMon_Handler                         0x08000203   Thumb Code     2  stm32f3xx_it.o(i.DebugMon_Handler)
    EXTI0_IRQHandler                         0x08000205   Thumb Code     6  stm32f3xx_it.o(i.EXTI0_IRQHandler)
    HAL_Delay                                0x0800020b   Thumb Code    22  stm32f3xx_hal.o(i.HAL_Delay)
    HAL_GPIO_EXTI_Callback                   0x08000221   Thumb Code     2  stm32f3xx_hal_gpio.o(i.HAL_GPIO_EXTI_Callback)
    HAL_GPIO_EXTI_IRQHandler                 0x08000225   Thumb Code    18  stm32f3xx_hal_gpio.o(i.HAL_GPIO_EXTI_IRQHandler)
    HAL_GetTick                              0x0800023d   Thumb Code     6  stm32f3xx_hal.o(i.HAL_GetTick)
    HAL_IncTick                              0x08000249   Thumb Code    10  stm32f3xx_hal.o(i.HAL_IncTick)
    HAL_Init                                 0x08000259   Thumb Code    32  stm32f3xx_hal.o(i.HAL_Init)
    HAL_InitTick                             0x0800027d   Thumb Code    34  stm32f3xx_hal.o(i.HAL_InitTick)
    HAL_MspInit                              0x0800029f   Thumb Code     2  stm32f3xx_hal.o(i.HAL_MspInit)
    HAL_NVIC_SetPriority                     0x080002a1   Thumb Code    60  stm32f3xx_hal_cortex.o(i.HAL_NVIC_SetPriority)
    HAL_NVIC_SetPriorityGrouping             0x080002e1   Thumb Code    26  stm32f3xx_hal_cortex.o(i.HAL_NVIC_SetPriorityGrouping)
    HAL_RCC_ClockConfig                      0x08000305   Thumb Code   638  stm32f3xx_hal_rcc.o(i.HAL_RCC_ClockConfig)
    HAL_RCC_GetHCLKFreq                      0x0800058d   Thumb Code    38  stm32f3xx_hal_rcc.o(i.HAL_RCC_GetHCLKFreq)
    HAL_RCC_GetSysClockFreq                  0x080005c1   Thumb Code    84  stm32f3xx_hal_rcc.o(i.HAL_RCC_GetSysClockFreq)
    HAL_RCC_OscConfig                        0x08000625   Thumb Code  1424  stm32f3xx_hal_rcc.o(i.HAL_RCC_OscConfig)
    HAL_SYSTICK_Config                       0x08000bb5   Thumb Code    40  stm32f3xx_hal_cortex.o(i.HAL_SYSTICK_Config)
    HardFault_Handler                        0x08000bdd   Thumb Code     2  stm32f3xx_it.o(i.HardFault_Handler)
    MemManage_Handler                        0x08000bdf   Thumb Code     2  stm32f3xx_it.o(i.MemManage_Handler)
    NMI_Handler                              0x08000be1   Thumb Code     2  stm32f3xx_it.o(i.NMI_Handler)
    PendSV_Handler                           0x08000c03   Thumb Code     2  stm32f3xx_it.o(i.PendSV_Handler)
    SVC_Handler                              0x08000c05   Thumb Code     2  stm32f3xx_it.o(i.SVC_Handler)
    SysTick_Handler                          0x08000c07   Thumb Code     4  stm32f3xx_it.o(i.SysTick_Handler)
    SystemInit                               0x08000c0d   Thumb Code    82  system_stm32f3xx.o(i.SystemInit)
    UsageFault_Handler                       0x08000c75   Thumb Code     2  stm32f3xx_it.o(i.UsageFault_Handler)
    DoorButton::DoorButton(unsigned short, unsigned char, Board*) 0x08000c79   Thumb Code    12  door_button.o(i._ZN10DoorButtonC1EthP5Board)
    DoorButton::DoorButton__sub_object(unsigned short, unsigned char, Board*) 0x08000c79   Thumb Code     0  door_button.o(i._ZN10DoorButtonC1EthP5Board)
    ButtonLatch::ButtonLatch(unsigned short, unsigned char, Board*) 0x08000c89   Thumb Code    18  button_latch.o(i._ZN11ButtonLatchC1EthP5Board)
    ButtonLatch::ButtonLatch__sub_object(unsigned short, unsigned char, Board*) 0x08000c89   Thumb Code     0  button_latch.o(i._ZN11ButtonLatchC1EthP5Board)
    ButtonLatch::~ButtonLatch()              0x08000c9b   Thumb Code     2  button_latch.o(i._ZN11ButtonLatchD1Ev)
    ButtonLatch::~ButtonLatch__sub_object()  0x08000c9b   Thumb Code     0  button_latch.o(i._ZN11ButtonLatchD1Ev)
    ProgramManager::selectProgram(unsigned char) 0x08000c9d   Thumb Code    28  program_manager.o(i._ZN14ProgramManager13selectProgramEh)
    ProgramManager::ProgramManager(Program*) 0x08000cb9   Thumb Code    10  program_manager.o(i._ZN14ProgramManagerC1EP7Program)
    ProgramManager::ProgramManager__sub_object(Program*) 0x08000cb9   Thumb Code     0  program_manager.o(i._ZN14ProgramManagerC1EP7Program)
    SystemOperator::readyLatch()             0x08000cc9   Thumb Code    38  system_operator.o(i._ZN14SystemOperator10readyLatchEv)
    SystemOperator::soundBuzzer()            0x08000cef   Thumb Code    40  system_operator.o(i._ZN14SystemOperator11soundBuzzerEv)
    SystemOperator::selectProgram()          0x08000d17   Thumb Code   328  system_operator.o(i._ZN14SystemOperator13selectProgramEv)
    SystemOperator::run()                    0x08000e61   Thumb Code   518  system_operator.o(i._ZN14SystemOperator3runEv)
    SystemOperator::SystemOperator(Program*, ProgramManager*, Timer*, Button*, Button*, Button*, Button*, Button*, DoorButton*, Buzzer*, ButtonLatch*, SevenSegmentDisplay*) 0x08001067   Thumb Code    12  system_operator.o(i._ZN14SystemOperatorC1EP7ProgramP14ProgramManagerP5TimerP6ButtonS7_S7_S7_S7_P10DoorButtonP6BuzzerP11ButtonLatchP19SevenSegmentDisplay)
    SystemOperator::SystemOperator__sub_object(Program*, ProgramManager*, Timer*, Button*, Button*, Button*, Button*, Button*, DoorButton*, Buzzer*, ButtonLatch*, SevenSegmentDisplay*) 0x08001067   Thumb Code     0  system_operator.o(i._ZN14SystemOperatorC1EP7ProgramP14ProgramManagerP5TimerP6ButtonS7_S7_S7_S7_P10DoorButtonP6BuzzerP11ButtonLatchP19SevenSegmentDisplay)
    WashingMachine::WashingMachine()         0x08001073   Thumb Code   264  washing_machine.o(i._ZN14WashingMachineC1Ev)
    WashingMachine::WashingMachine__sub_object() 0x08001073   Thumb Code     0  washing_machine.o(i._ZN14WashingMachineC1Ev)
    SevenSegmentDisplay::SevenSegmentDisplay(unsigned short, unsigned short, unsigned short, unsigned short, unsigned char, Board*) 0x0800117b   Thumb Code    36  seven_segment_display.o(i._ZN19SevenSegmentDisplayC1EtttthP5Board)
    SevenSegmentDisplay::SevenSegmentDisplay__sub_object(unsigned short, unsigned short, unsigned short, unsigned short, unsigned char, Board*) 0x0800117b   Thumb Code     0  seven_segment_display.o(i._ZN19SevenSegmentDisplayC1EtttthP5Board)
    Board::Board()                           0x080011a1   Thumb Code   118  board.o(i._ZN5BoardC1Ev)
    Board::Board__sub_object()               0x080011a1   Thumb Code     0  board.o(i._ZN5BoardC1Ev)
    Motor::Motor(unsigned short, unsigned short, unsigned char, Board*) 0x08001225   Thumb Code    24  motor.o(i._ZN5MotorC1EtthP5Board)
    Motor::Motor__sub_object(unsigned short, unsigned short, unsigned char, Board*) 0x08001225   Thumb Code     0  motor.o(i._ZN5MotorC1EtthP5Board)
    Stage::setDuration(unsigned)             0x0800123d   Thumb Code     8  stage.o(i._ZN5Stage11setDurationEj)
    Stage::setMotorPointer(Motor*)           0x08001245   Thumb Code     4  stage.o(i._ZN5Stage15setMotorPointerEP5Motor)
    Stage::setTimerPointer(Timer*)           0x08001249   Thumb Code     4  stage.o(i._ZN5Stage15setTimerPointerEP5Timer)
    Stage::setDisplayPointer(SevenSegmentDisplay*) 0x0800124d   Thumb Code     4  stage.o(i._ZN5Stage17setDisplayPointerEP19SevenSegmentDisplay)
    Stage::run()                             0x08001251   Thumb Code   396  stage.o(i._ZN5Stage3runEv)
    Stage::setType(StageType)                0x080013dd   Thumb Code     8  stage.o(i._ZN5Stage7setTypeE9StageType)
    Stage::Stage()                           0x080013e5   Thumb Code    14  stage.o(i._ZN5StageC1Ev)
    Stage::Stage__sub_object()               0x080013e5   Thumb Code     0  stage.o(i._ZN5StageC1Ev)
    Timer::checkTimer()                      0x080013f3   Thumb Code    26  timer.o(i._ZN5Timer10checkTimerEv)
    Timer::setTimer(unsigned)                0x0800140d   Thumb Code    10  timer.o(i._ZN5Timer8setTimerEj)
    Timer::Timer()                           0x08001417   Thumb Code     6  timer.o(i._ZN5TimerC1Ev)
    Timer::Timer__sub_object()               0x08001417   Thumb Code     0  timer.o(i._ZN5TimerC1Ev)
    Button::Button(unsigned short, unsigned char, Board*) 0x0800141d   Thumb Code    14  button.o(i._ZN6ButtonC1EthP5Board)
    Button::Button__sub_object(unsigned short, unsigned char, Board*) 0x0800141d   Thumb Code     0  button.o(i._ZN6ButtonC1EthP5Board)
    Buzzer::Buzzer(unsigned short, unsigned char, Board*) 0x08001431   Thumb Code    18  buzzer.o(i._ZN6BuzzerC1EthP5Board)
    Buzzer::Buzzer__sub_object(unsigned short, unsigned char, Board*) 0x08001431   Thumb Code     0  buzzer.o(i._ZN6BuzzerC1EthP5Board)
    Program::incrementSelectedStage()        0x08001443   Thumb Code    12  program.o(i._ZN7Program22incrementSelectedStageEv)
    Program::reset()                         0x0800144f   Thumb Code    12  program.o(i._ZN7Program5resetEv)
    Program::addStage(StageType, unsigned)   0x0800145b   Thumb Code    58  program.o(i._ZN7Program8addStageE9StageTypej)
    Program::setState(ProgramState)          0x08001495   Thumb Code    98  program.o(i._ZN7Program8setStateE12ProgramState)
    Program::Program(SevenSegmentDisplay*, Motor*, Timer*) 0x080014f9   Thumb Code    82  program.o(i._ZN7ProgramC1EP19SevenSegmentDisplayP5MotorP5Timer)
    Program::Program__sub_object(SevenSegmentDisplay*, Motor*, Timer*) 0x080014f9   Thumb Code     0  program.o(i._ZN7ProgramC1EP19SevenSegmentDisplayP5MotorP5Timer)
    DoorButton::getButtonStatus() const      0x08001551   Thumb Code    38  door_button.o(i._ZNK10DoorButton15getButtonStatusEv)
    ButtonLatch::resetLatch() const          0x08001577   Thumb Code    12  button_latch.o(i._ZNK11ButtonLatch10resetLatchEv)
    ButtonLatch::setLatch() const            0x08001583   Thumb Code    12  button_latch.o(i._ZNK11ButtonLatch8setLatchEv)
    ProgramManager::getProgramOffset(unsigned char) const 0x08001591   Thumb Code    82  program_manager.o(i._ZNK14ProgramManager16getProgramOffsetEh)
    ProgramManager::updateProgramStages(unsigned char) const 0x080015e9   Thumb Code   238  program_manager.o(i._ZNK14ProgramManager19updateProgramStagesEh)
    SevenSegmentDisplay::writeValue(unsigned char) const 0x080016fd   Thumb Code   240  seven_segment_display.o(i._ZNK19SevenSegmentDisplay10writeValueEh)
    Board::getGpioIdr(unsigned short, unsigned char) const 0x080017ed   Thumb Code    26  board.o(i._ZNK5Board10getGpioIdrEth)
    Board::setGpioOdr(unsigned short, unsigned char, PinState) const 0x08001807   Thumb Code    32  board.o(i._ZNK5Board10setGpioOdrEth8PinState)
    Motor::motorClockwise() const            0x08001827   Thumb Code    12  motor.o(i._ZNK5Motor14motorClockwiseEv)
    Motor::motorControlOn() const            0x08001833   Thumb Code    12  motor.o(i._ZNK5Motor14motorControlOnEv)
    Motor::motorControlOff() const           0x0800183f   Thumb Code    12  motor.o(i._ZNK5Motor15motorControlOffEv)
    Motor::motorAntiClockwise() const        0x0800184b   Thumb Code    12  motor.o(i._ZNK5Motor18motorAntiClockwiseEv)
    Stage::getStageState() const             0x08001857   Thumb Code     4  stage.o(i._ZNK5Stage13getStageStateEv)
    Button::getButtonStatus() const          0x0800185b   Thumb Code    34  button.o(i._ZNK6Button15getButtonStatusEv)
    Buzzer::toggleOn() const                 0x0800187d   Thumb Code    12  buzzer.o(i._ZNK6Buzzer8toggleOnEv)
    Buzzer::toggleOff() const                0x08001889   Thumb Code    12  buzzer.o(i._ZNK6Buzzer9toggleOffEv)
    Program::getState() const                0x08001895   Thumb Code     4  program.o(i._ZNK7Program8getStateEv)
    __aeabi_vec_ctor_nocookie_nodtor         0x08001899   Thumb Code    36  aeabi_vec_ctor_nocookie_nodtor.o(i.__aeabi_vec_ctor_nocookie_nodtor)
    __scatterload_copy                       0x080018bd   Thumb Code    14  handlers.o(i.__scatterload_copy)
    __scatterload_null                       0x080018cb   Thumb Code     2  handlers.o(i.__scatterload_null)
    __scatterload_zeroinit                   0x080018cd   Thumb Code    14  handlers.o(i.__scatterload_zeroinit)
    board_startup                            0x080018dd   Thumb Code   100  board_startup.o(i.board_startup)
    main                                     0x08001945   Thumb Code    30  main.o(i.main)
    APBAHBPrescTable                         0x08001962   Data          16  stm32f3xx_hal_rcc.o(.constdata)
    PLLMULFactorTable                        0x08001972   Data          16  stm32f3xx_hal_rcc.o(.constdata)
    PredivFactorTable                        0x08001982   Data          16  stm32f3xx_hal_rcc.o(.constdata)
    _wash_slow                               0x08001992   Data           3  stage_data.o(.constdata)
    _wash_high                               0x08001995   Data           3  stage_data.o(.constdata)
    _rinse_slow                              0x08001998   Data           3  stage_data.o(.constdata)
    _rinse_high                              0x0800199b   Data           3  stage_data.o(.constdata)
    _empty                                   0x0800199e   Data           3  stage_data.o(.constdata)
    _dry                                     0x080019a1   Data           3  stage_data.o(.constdata)
    _fill                                    0x080019a4   Data           3  stage_data.o(.constdata)
    _heat                                    0x080019a7   Data           3  stage_data.o(.constdata)
    _complete                                0x080019aa   Data           3  stage_data.o(.constdata)
    vtable for DoorButton                    0x080019b0   Data          12  door_button.o(.constdata__ZTV10DoorButton)
    vtable for Button                        0x080019bc   Data          12  button.o(.constdata__ZTV6Button)
    Region$$Table$$Base                      0x08001a20   Number         0  anon$$obj.o(Region$$Table)
    Region$$Table$$Limit                     0x08001a40   Number         0  anon$$obj.o(Region$$Table)
    pProgramData                             0x20000004   Data           4  program_data.o(.data)
    SystemCoreClock                          0x20000008   Data           4  system_stm32f3xx.o(.data)
    AHBPrescTable                            0x2000000c   Data          16  system_stm32f3xx.o(.data)
    __initial_sp                             0x20000420   Data           0  startup_stm32f303xc.o(STACK)



==============================================================================

Memory Map of the image

  Image Entry point : 0x08000189

  Load Region LR_IROM1 (Base: 0x08000000, Size: 0x00001a5c, Max: 0x00040000, ABSOLUTE)

    Execution Region ER_IROM1 (Exec base: 0x08000000, Load base: 0x08000000, Size: 0x00001a40, Max: 0x00040000, ABSOLUTE)

    Exec Addr    Load Addr    Size         Type   Attr      Idx    E Section Name        Object

    0x08000000   0x08000000   0x00000188   Data   RO         2207    RESET               startup_stm32f303xc.o
    0x08000188   0x08000188   0x00000000   Code   RO         2344  * .ARM.Collect$$$$00000000  mc_w.l(entry.o)
    0x08000188   0x08000188   0x00000004   Code   RO         2365    .ARM.Collect$$$$00000001  mc_w.l(entry2.o)
    0x0800018c   0x0800018c   0x00000004   Code   RO         2368    .ARM.Collect$$$$00000004  mc_w.l(entry5.o)
    0x08000190   0x08000190   0x00000000   Code   RO         2370    .ARM.Collect$$$$00000008  mc_w.l(entry7b.o)
    0x08000190   0x08000190   0x00000000   Code   RO         2372    .ARM.Collect$$$$0000000A  mc_w.l(entry8b.o)
    0x08000190   0x08000190   0x00000008   Code   RO         2373    .ARM.Collect$$$$0000000B  mc_w.l(entry9a.o)
    0x08000198   0x08000198   0x00000000   Code   RO         2375    .ARM.Collect$$$$0000000D  mc_w.l(entry10a.o)
    0x08000198   0x08000198   0x00000000   Code   RO         2377    .ARM.Collect$$$$0000000F  mc_w.l(entry11a.o)
    0x08000198   0x08000198   0x00000004   Code   RO         2366    .ARM.Collect$$$$00002712  mc_w.l(entry2.o)
    0x0800019c   0x0800019c   0x00000024   Code   RO         2208    .text               startup_stm32f303xc.o
    0x080001c0   0x080001c0   0x0000001c   Code   RO         2347    .text               mc_w.l(strcmp.o)
    0x080001dc   0x080001dc   0x00000024   Code   RO         2395    .text               mc_w.l(init.o)
    0x08000200   0x08000200   0x00000002   Code   RO         2095    i.BusFault_Handler  stm32f3xx_it.o
    0x08000202   0x08000202   0x00000002   Code   RO         2096    i.DebugMon_Handler  stm32f3xx_it.o
    0x08000204   0x08000204   0x00000006   Code   RO         2097    i.EXTI0_IRQHandler  stm32f3xx_it.o
    0x0800020a   0x0800020a   0x00000016   Code   RO            4    i.HAL_Delay         stm32f3xx_hal.o
    0x08000220   0x08000220   0x00000002   Code   RO          445    i.HAL_GPIO_EXTI_Callback  stm32f3xx_hal_gpio.o
    0x08000222   0x08000222   0x00000002   PAD
    0x08000224   0x08000224   0x00000018   Code   RO          446    i.HAL_GPIO_EXTI_IRQHandler  stm32f3xx_hal_gpio.o
    0x0800023c   0x0800023c   0x0000000c   Code   RO           14    i.HAL_GetTick       stm32f3xx_hal.o
    0x08000248   0x08000248   0x00000010   Code   RO           15    i.HAL_IncTick       stm32f3xx_hal.o
    0x08000258   0x08000258   0x00000024   Code   RO           16    i.HAL_Init          stm32f3xx_hal.o
    0x0800027c   0x0800027c   0x00000022   Code   RO           17    i.HAL_InitTick      stm32f3xx_hal.o
    0x0800029e   0x0800029e   0x00000002   Code   RO           19    i.HAL_MspInit       stm32f3xx_hal.o
    0x080002a0   0x080002a0   0x00000040   Code   RO          266    i.HAL_NVIC_SetPriority  stm32f3xx_hal_cortex.o
    0x080002e0   0x080002e0   0x00000024   Code   RO          267    i.HAL_NVIC_SetPriorityGrouping  stm32f3xx_hal_cortex.o
    0x08000304   0x08000304   0x00000288   Code   RO          507    i.HAL_RCC_ClockConfig  stm32f3xx_hal_rcc.o
    0x0800058c   0x0800058c   0x00000034   Code   RO          512    i.HAL_RCC_GetHCLKFreq  stm32f3xx_hal_rcc.o
    0x080005c0   0x080005c0   0x00000064   Code   RO          516    i.HAL_RCC_GetSysClockFreq  stm32f3xx_hal_rcc.o
    0x08000624   0x08000624   0x00000590   Code   RO          519    i.HAL_RCC_OscConfig  stm32f3xx_hal_rcc.o
    0x08000bb4   0x08000bb4   0x00000028   Code   RO          271    i.HAL_SYSTICK_Config  stm32f3xx_hal_cortex.o
    0x08000bdc   0x08000bdc   0x00000002   Code   RO         2098    i.HardFault_Handler  stm32f3xx_it.o
    0x08000bde   0x08000bde   0x00000002   Code   RO         2099    i.MemManage_Handler  stm32f3xx_it.o
    0x08000be0   0x08000be0   0x00000002   Code   RO         2100    i.NMI_Handler       stm32f3xx_it.o
    0x08000be2   0x08000be2   0x00000020   Code   RO          273    i.NVIC_SetPriority  stm32f3xx_hal_cortex.o
    0x08000c02   0x08000c02   0x00000002   Code   RO         2101    i.PendSV_Handler    stm32f3xx_it.o
    0x08000c04   0x08000c04   0x00000002   Code   RO         2102    i.SVC_Handler       stm32f3xx_it.o
    0x08000c06   0x08000c06   0x00000004   Code   RO         2103    i.SysTick_Handler   stm32f3xx_it.o
    0x08000c0a   0x08000c0a   0x00000002   PAD
    0x08000c0c   0x08000c0c   0x00000068   Code   RO         2176    i.SystemInit        system_stm32f3xx.o
    0x08000c74   0x08000c74   0x00000002   Code   RO         2104    i.UsageFault_Handler  stm32f3xx_it.o
    0x08000c76   0x08000c76   0x00000002   PAD
    0x08000c78   0x08000c78   0x00000010   Code   RO         1608    i._ZN10DoorButtonC1EthP5Board  door_button.o
    0x08000c88   0x08000c88   0x00000012   Code   RO         1633    i._ZN11ButtonLatchC1EthP5Board  button_latch.o
    0x08000c9a   0x08000c9a   0x00000002   Code   RO         1634    i._ZN11ButtonLatchD1Ev  button_latch.o
    0x08000c9c   0x08000c9c   0x0000001c   Code   RO         1855    i._ZN14ProgramManager13selectProgramEh  program_manager.o
    0x08000cb8   0x08000cb8   0x00000010   Code   RO         1856    i._ZN14ProgramManagerC1EP7Program  program_manager.o
    0x08000cc8   0x08000cc8   0x00000026   Code   RO         1893    i._ZN14SystemOperator10readyLatchEv  system_operator.o
    0x08000cee   0x08000cee   0x00000028   Code   RO         1894    i._ZN14SystemOperator11soundBuzzerEv  system_operator.o
    0x08000d16   0x08000d16   0x00000148   Code   RO         1895    i._ZN14SystemOperator13selectProgramEv  system_operator.o
    0x08000e5e   0x08000e5e   0x00000002   PAD
    0x08000e60   0x08000e60   0x00000206   Code   RO         1896    i._ZN14SystemOperator3runEv  system_operator.o
    0x08001066   0x08001066   0x0000000c   Code   RO         1897    i._ZN14SystemOperatorC1EP7ProgramP14ProgramManagerP5TimerP6ButtonS7_S7_S7_S7_P10DoorButtonP6BuzzerP11ButtonLatchP19SevenSegmentDisplay  system_operator.o
    0x08001072   0x08001072   0x00000108   Code   RO         1693    i._ZN14WashingMachineC1Ev  washing_machine.o
    0x0800117a   0x0800117a   0x00000024   Code   RO         1447    i._ZN19SevenSegmentDisplayC1EtttthP5Board  seven_segment_display.o
    0x0800119e   0x0800119e   0x00000002   PAD
    0x080011a0   0x080011a0   0x00000084   Code   RO         1372    i._ZN5BoardC1Ev     board.o
    0x08001224   0x08001224   0x00000018   Code   RO         1402    i._ZN5MotorC1EtthP5Board  motor.o
    0x0800123c   0x0800123c   0x00000008   Code   RO         1750    i._ZN5Stage11setDurationEj  stage.o
    0x08001244   0x08001244   0x00000004   Code   RO         1751    i._ZN5Stage15setMotorPointerEP5Motor  stage.o
    0x08001248   0x08001248   0x00000004   Code   RO         1752    i._ZN5Stage15setTimerPointerEP5Timer  stage.o
    0x0800124c   0x0800124c   0x00000004   Code   RO         1753    i._ZN5Stage17setDisplayPointerEP19SevenSegmentDisplay  stage.o
    0x08001250   0x08001250   0x0000018c   Code   RO         1754    i._ZN5Stage3runEv   stage.o
    0x080013dc   0x080013dc   0x00000008   Code   RO         1755    i._ZN5Stage7setTypeE9StageType  stage.o
    0x080013e4   0x080013e4   0x0000000e   Code   RO         1756    i._ZN5StageC1Ev     stage.o
    0x080013f2   0x080013f2   0x0000001a   Code   RO         1470    i._ZN5Timer10checkTimerEv  timer.o
    0x0800140c   0x0800140c   0x0000000a   Code   RO         1471    i._ZN5Timer8setTimerEj  timer.o
    0x08001416   0x08001416   0x00000006   Code   RO         1472    i._ZN5TimerC1Ev     timer.o
    0x0800141c   0x0800141c   0x00000014   Code   RO         1583    i._ZN6ButtonC1EthP5Board  button.o
    0x08001430   0x08001430   0x00000012   Code   RO         1666    i._ZN6BuzzerC1EthP5Board  buzzer.o
    0x08001442   0x08001442   0x0000000c   Code   RO         1810    i._ZN7Program22incrementSelectedStageEv  program.o
    0x0800144e   0x0800144e   0x0000000c   Code   RO         1811    i._ZN7Program5resetEv  program.o
    0x0800145a   0x0800145a   0x0000003a   Code   RO         1812    i._ZN7Program8addStageE9StageTypej  program.o
    0x08001494   0x08001494   0x00000062   Code   RO         1813    i._ZN7Program8setStateE12ProgramState  program.o
    0x080014f6   0x080014f6   0x00000002   PAD
    0x080014f8   0x080014f8   0x00000058   Code   RO         1814    i._ZN7ProgramC1EP19SevenSegmentDisplayP5MotorP5Timer  program.o
    0x08001550   0x08001550   0x00000026   Code   RO         1609    i._ZNK10DoorButton15getButtonStatusEv  door_button.o
    0x08001576   0x08001576   0x0000000c   Code   RO         1635    i._ZNK11ButtonLatch10resetLatchEv  button_latch.o
    0x08001582   0x08001582   0x0000000c   Code   RO         1636    i._ZNK11ButtonLatch8setLatchEv  button_latch.o
    0x0800158e   0x0800158e   0x00000002   PAD
    0x08001590   0x08001590   0x00000058   Code   RO         1857    i._ZNK14ProgramManager16getProgramOffsetEh  program_manager.o
    0x080015e8   0x080015e8   0x00000114   Code   RO         1858    i._ZNK14ProgramManager19updateProgramStagesEh  program_manager.o
    0x080016fc   0x080016fc   0x000000f0   Code   RO         1448    i._ZNK19SevenSegmentDisplay10writeValueEh  seven_segment_display.o
    0x080017ec   0x080017ec   0x0000001a   Code   RO         1373    i._ZNK5Board10getGpioIdrEth  board.o
    0x08001806   0x08001806   0x00000020   Code   RO         1374    i._ZNK5Board10setGpioOdrEth8PinState  board.o
    0x08001826   0x08001826   0x0000000c   Code   RO         1403    i._ZNK5Motor14motorClockwiseEv  motor.o
    0x08001832   0x08001832   0x0000000c   Code   RO         1404    i._ZNK5Motor14motorControlOnEv  motor.o
    0x0800183e   0x0800183e   0x0000000c   Code   RO         1405    i._ZNK5Motor15motorControlOffEv  motor.o
    0x0800184a   0x0800184a   0x0000000c   Code   RO         1406    i._ZNK5Motor18motorAntiClockwiseEv  motor.o
    0x08001856   0x08001856   0x00000004   Code   RO         1757    i._ZNK5Stage13getStageStateEv  stage.o
    0x0800185a   0x0800185a   0x00000022   Code   RO         1584    i._ZNK6Button15getButtonStatusEv  button.o
    0x0800187c   0x0800187c   0x0000000c   Code   RO         1667    i._ZNK6Buzzer8toggleOnEv  buzzer.o
    0x08001888   0x08001888   0x0000000c   Code   RO         1668    i._ZNK6Buzzer9toggleOffEv  buzzer.o
    0x08001894   0x08001894   0x00000004   Code   RO         1815    i._ZNK7Program8getStateEv  program.o
    0x08001898   0x08001898   0x00000024   Code   RO         2341    i.__aeabi_vec_ctor_nocookie_nodtor  cpprt_w.l(aeabi_vec_ctor_nocookie_nodtor.o)
    0x080018bc   0x080018bc   0x0000000e   Code   RO         2450    i.__scatterload_copy  mc_w.l(handlers.o)
    0x080018ca   0x080018ca   0x00000002   Code   RO         2451    i.__scatterload_null  mc_w.l(handlers.o)
    0x080018cc   0x080018cc   0x0000000e   Code   RO         2452    i.__scatterload_zeroinit  mc_w.l(handlers.o)
    0x080018da   0x080018da   0x00000002   PAD
    0x080018dc   0x080018dc   0x00000068   Code   RO         2214    i.board_startup     board_startup.o
    0x08001944   0x08001944   0x0000001e   Code   RO         1163    i.main              main.o
    0x08001962   0x08001962   0x00000030   Data   RO          520    .constdata          stm32f3xx_hal_rcc.o
    0x08001992   0x08001992   0x00000003   Data   RO         1931    .constdata          stage_data.o
    0x08001995   0x08001995   0x00000003   Data   RO         1932    .constdata          stage_data.o
    0x08001998   0x08001998   0x00000003   Data   RO         1933    .constdata          stage_data.o
    0x0800199b   0x0800199b   0x00000003   Data   RO         1934    .constdata          stage_data.o
    0x0800199e   0x0800199e   0x00000003   Data   RO         1935    .constdata          stage_data.o
    0x080019a1   0x080019a1   0x00000003   Data   RO         1936    .constdata          stage_data.o
    0x080019a4   0x080019a4   0x00000003   Data   RO         1937    .constdata          stage_data.o
    0x080019a7   0x080019a7   0x00000003   Data   RO         1938    .constdata          stage_data.o
    0x080019aa   0x080019aa   0x00000003   Data   RO         1939    .constdata          stage_data.o
    0x080019ad   0x080019ad   0x00000003   PAD
    0x080019b0   0x080019b0   0x0000000c   Data   RO         1624    .constdata__ZTV10DoorButton  door_button.o
    0x080019bc   0x080019bc   0x0000000c   Data   RO         1599    .constdata__ZTV6Button  button.o
    0x080019c8   0x080019c8   0x00000055   Data   RO         1954    .conststring        program_data.o
    0x08001a1d   0x08001a1d   0x00000003   PAD
    0x08001a20   0x08001a20   0x00000020   Data   RO         2448    Region$$Table       anon$$obj.o


    Execution Region RW_IRAM2 (Exec base: 0x10000000, Load base: 0x08001a5c, Size: 0x00000000, Max: 0x00002000, ABSOLUTE)

    **** No section assigned to this execution region ****


    Execution Region RW_IRAM1 (Exec base: 0x20000000, Load base: 0x08001a40, Size: 0x00000420, Max: 0x0000c000, ABSOLUTE)

    Exec Addr    Load Addr    Size         Type   Attr      Idx    E Section Name        Object

    0x20000000   0x08001a40   0x00000004   Data   RW           22    .data               stm32f3xx_hal.o
    0x20000004   0x08001a44   0x00000004   Data   RW         1955    .data               program_data.o
    0x20000008   0x08001a48   0x00000014   Data   RW         2177    .data               system_stm32f3xx.o
    0x2000001c   0x08001a5c   0x00000004   PAD
    0x20000020        -       0x00000400   Zero   RW         2205    STACK               startup_stm32f303xc.o


==============================================================================

Image component sizes


      Code (inc. data)   RO Data    RW Data    ZI Data      Debug   Object Name

       190         14          0          0          0       3848   board.o
       104          4          0          0          0       1160   board_startup.o
        54          6         12          0          0       1872   button.o
        44          0          0          0          0       3332   button_latch.o
        42          0          0          0          0       2652   buzzer.o
        54          4         12          0          0       1732   door_button.o
        30          0          0          0          0      16043   main.o
        72          0          0          0          0       5648   motor.o
       272         12          0          0          0       4112   program.o
         0          0         85          4          0        303   program_data.o
       408         50          0          0          0       3136   program_manager.o
       276         10          0          0          0       2284   seven_segment_display.o
       442         10          0          0          0       4700   stage.o
         0          0         27          0          0       1010   stage_data.o
        36          8        392          0       1024        904   startup_stm32f303xc.o
       122         16          0          4          0     248760   stm32f3xx_hal.o
       172         14          0          0          0      29862   stm32f3xx_hal_cortex.o
        26          6          0          0          0       1316   stm32f3xx_hal_gpio.o
      2224         56         48          0          0       5681   stm32f3xx_hal_rcc.o
        26          0          0          0          0       5373   stm32f3xx_it.o
       936          0          0          0          0       3900   system_operator.o
       104         22          0         20          0       1353   system_stm32f3xx.o
        42          0          0          0          0       3400   timer.o
       264          0          0          0          0      10980   washing_machine.o

    ----------------------------------------------------------------------
      5954        232        614         28       1028     363361   Object Totals
         0          0         32          0          0          0   (incl. Generated)
        14          0          6          0          4          0   (incl. Padding)

    ----------------------------------------------------------------------

      Code (inc. data)   RO Data    RW Data    ZI Data      Debug   Library Member Name

        36          0          0          0          0         84   aeabi_vec_ctor_nocookie_nodtor.o
         0          0          0          0          0          0   entry.o
         0          0          0          0          0          0   entry10a.o
         0          0          0          0          0          0   entry11a.o
         8          4          0          0          0          0   entry2.o
         4          0          0          0          0          0   entry5.o
         0          0          0          0          0          0   entry7b.o
         0          0          0          0          0          0   entry8b.o
         8          4          0          0          0          0   entry9a.o
        30          0          0          0          0          0   handlers.o
        36          8          0          0          0         68   init.o
        28          0          0          0          0         76   strcmp.o

    ----------------------------------------------------------------------
       152         16          0          0          0        228   Library Totals
         2          0          0          0          0          0   (incl. Padding)

    ----------------------------------------------------------------------

      Code (inc. data)   RO Data    RW Data    ZI Data      Debug   Library Name

        36          0          0          0          0         84   cpprt_w.l
       114         16          0          0          0        144   mc_w.l

    ----------------------------------------------------------------------
       152         16          0          0          0        228   Library Totals

    ----------------------------------------------------------------------

==============================================================================


      Code (inc. data)   RO Data    RW Data    ZI Data      Debug   

      6106        248        614         28       1028     356793   Grand Totals
      6106        248        614         28       1028     356793   ELF Image Totals
      6106        248        614         28          0          0   ROM Totals

==============================================================================

    Total RO  Size (Code + RO Data)                 6720 (   6.56kB)
    Total RW  Size (RW Data + ZI Data)              1056 (   1.03kB)
    Total ROM Size (Code + RO Data + RW Data)       6748 (   6.59kB)

==============================================================================

